Archive member included to satisfy reference by file (symbol)

C:\Users\DELL\Desktop\Wbudowane\lpc_board_nxp_lpcxpresso_1347\Debug\liblpc_board_nxp_lpcxpresso_1347.a(board.o)
                              ./src/linear_drive_control_system.o (Board_LED_Set)
C:\Users\DELL\Desktop\Wbudowane\lpc_board_nxp_lpcxpresso_1347\Debug\liblpc_board_nxp_lpcxpresso_1347.a(board_sysinit.o)
                              ./src/sysinit.o (Board_SystemInit)
C:\Users\DELL\Desktop\Wbudowane\lpc_chip_13xx\Debug\liblpc_chip_13xx.a(chip_13xx.o)
                              ./src/linear_drive_control_system.o (SystemCoreClockUpdate)
C:\Users\DELL\Desktop\Wbudowane\lpc_chip_13xx\Debug\liblpc_chip_13xx.a(clock_13xx.o)
                              C:\Users\DELL\Desktop\Wbudowane\lpc_chip_13xx\Debug\liblpc_chip_13xx.a(chip_13xx.o) (Chip_Clock_SetUSBPLLSource)
C:\Users\DELL\Desktop\Wbudowane\lpc_chip_13xx\Debug\liblpc_chip_13xx.a(gpio_13xx_1.o)
                              C:\Users\DELL\Desktop\Wbudowane\lpc_board_nxp_lpcxpresso_1347\Debug\liblpc_board_nxp_lpcxpresso_1347.a(board.o) (Chip_GPIO_Init)
C:\Users\DELL\Desktop\Wbudowane\lpc_chip_13xx\Debug\liblpc_chip_13xx.a(iocon_13xx.o)
                              ./src/linear_drive_control_system.o (Chip_IOCON_PinMuxSet)
C:\Users\DELL\Desktop\Wbudowane\lpc_chip_13xx\Debug\liblpc_chip_13xx.a(ssp_13xx.o)
                              ./src/oled.o (Chip_SSP_SetClockRate)
C:\Users\DELL\Desktop\Wbudowane\lpc_chip_13xx\Debug\liblpc_chip_13xx.a(sysctl_13xx.o)
                              C:\Users\DELL\Desktop\Wbudowane\lpc_chip_13xx\Debug\liblpc_chip_13xx.a(chip_13xx.o) (Chip_SYSCTL_PowerUp)
C:\Users\DELL\Desktop\Wbudowane\lpc_chip_13xx\Debug\liblpc_chip_13xx.a(sysinit_13xx.o)
                              C:\Users\DELL\Desktop\Wbudowane\lpc_board_nxp_lpcxpresso_1347\Debug\liblpc_board_nxp_lpcxpresso_1347.a(board_sysinit.o) (Chip_SetupXtalClocking)
C:\Users\DELL\Desktop\Wbudowane\lpc_chip_13xx\Debug\liblpc_chip_13xx.a(timer_13xx.o)
                              ./src/linear_drive_control_system.o (Chip_TIMER_Init)
C:\Users\DELL\Desktop\Wbudowane\CMSIS_DSPLIB_CM3\lib\libCMSIS_DSPLIB_CM3.a(arm_pid_init_f32.o)
                              ./src/linear_drive_control_system.o (arm_pid_init_f32)
C:\Users\DELL\Desktop\Wbudowane\CMSIS_DSPLIB_CM3\lib\libCMSIS_DSPLIB_CM3.a(arm_pid_reset_f32.o)
                              ./src/linear_drive_control_system.o (arm_pid_reset_f32)
c:/nxp/mcuxpressoide_10.2.1_795/ide/tools/bin/../lib/gcc/arm-none-eabi/7.2.1/../../../../arm-none-eabi/lib/thumb/v7-m\libcr_semihost.a(_cr__main.o)
                              ./src/cr_startup_lpc13uxx.o (__main)
c:/nxp/mcuxpressoide_10.2.1_795/ide/tools/bin/../lib/gcc/arm-none-eabi/7.2.1/../../../../arm-none-eabi/lib/thumb/v7-m\libcr_c.a(memset.o)
                              C:\Users\DELL\Desktop\Wbudowane\CMSIS_DSPLIB_CM3\lib\libCMSIS_DSPLIB_CM3.a(arm_pid_init_f32.o) (memset)
c:/nxp/mcuxpressoide_10.2.1_795/ide/tools/bin/../lib/gcc/arm-none-eabi/7.2.1/../../../../arm-none-eabi/lib/thumb/v7-m\libcr_c.a(fpprintf.o)
                              ./src/linear_drive_control_system.o (sprintf)
c:/nxp/mcuxpressoide_10.2.1_795/ide/tools/bin/../lib/gcc/arm-none-eabi/7.2.1/../../../../arm-none-eabi/lib/thumb/v7-m\libcr_c.a(initio.o)
                              c:/nxp/mcuxpressoide_10.2.1_795/ide/tools/bin/../lib/gcc/arm-none-eabi/7.2.1/../../../../arm-none-eabi/lib/thumb/v7-m\libcr_semihost.a(_cr__main.o) (_initio)
c:/nxp/mcuxpressoide_10.2.1_795/ide/tools/bin/../lib/gcc/arm-none-eabi/7.2.1/../../../../arm-none-eabi/lib/thumb/v7-m\libcr_c.a(printf.o)
                              c:/nxp/mcuxpressoide_10.2.1_795/ide/tools/bin/../lib/gcc/arm-none-eabi/7.2.1/../../../../arm-none-eabi/lib/thumb/v7-m\libcr_c.a(fpprintf.o) (__vfprintf)
c:/nxp/mcuxpressoide_10.2.1_795/ide/tools/bin/../lib/gcc/arm-none-eabi/7.2.1/../../../../arm-none-eabi/lib/thumb/v7-m\libcr_c.a(setvbuf.o)
                              c:/nxp/mcuxpressoide_10.2.1_795/ide/tools/bin/../lib/gcc/arm-none-eabi/7.2.1/../../../../arm-none-eabi/lib/thumb/v7-m\libcr_c.a(initio.o) (setvbuf)
c:/nxp/mcuxpressoide_10.2.1_795/ide/tools/bin/../lib/gcc/arm-none-eabi/7.2.1/../../../../arm-none-eabi/lib/thumb/v7-m\libcr_c.a(stdlib.o)
                              ./src/linear_drive_control_system.o (abs)
c:/nxp/mcuxpressoide_10.2.1_795/ide/tools/bin/../lib/gcc/arm-none-eabi/7.2.1/../../../../arm-none-eabi/lib/thumb/v7-m\libcr_c.a(strlen.o)
                              c:/nxp/mcuxpressoide_10.2.1_795/ide/tools/bin/../lib/gcc/arm-none-eabi/7.2.1/../../../../arm-none-eabi/lib/thumb/v7-m\libcr_c.a(printf.o) (strlen)
c:/nxp/mcuxpressoide_10.2.1_795/ide/tools/bin/../lib/gcc/arm-none-eabi/7.2.1/../../../../arm-none-eabi/lib/thumb/v7-m\libcr_c.a(_deferredlazyseek.o)
                              c:/nxp/mcuxpressoide_10.2.1_795/ide/tools/bin/../lib/gcc/arm-none-eabi/7.2.1/../../../../arm-none-eabi/lib/thumb/v7-m\libcr_c.a(fpprintf.o) (__flsbuf)
[...]
Memory Configuration

Name             Origin             Length             Attributes
MFlash64         0x00000000         0x00010000         xr
RamLoc8          0x10000000         0x00002000         xrw
RamUsb2          0x20004000         0x00000800         xrw
RamPeriph2       0x20000000         0x00000800         xrw
*default*        0x00000000         0xffffffff

Linker script and memory map

LOAD ./src/cr_startup_lpc13uxx.o
LOAD ./src/crp.o
LOAD ./src/linear_drive_control_system.o
LOAD ./src/motor.o
LOAD ./src/oled.o
LOAD ./src/sysinit.o
LOAD C:\Users\DELL\Desktop\Wbudowane\lpc_board_nxp_lpcxpresso_1347\Debug\liblpc_board_nxp_lpcxpresso_1347.a
LOAD C:\Users\DELL\Desktop\Wbudowane\lpc_chip_13xx\Debug\liblpc_chip_13xx.a
LOAD C:\Users\DELL\Desktop\Wbudowane\CMSIS_DSPLIB_CM3\lib\libCMSIS_DSPLIB_CM3.a
START GROUP
LOAD c:/nxp/mcuxpressoide_10.2.1_795/ide/tools/bin/../lib/gcc/arm-none-eabi/7.2.1/../../../../arm-none-eabi/lib/thumb/v7-m\libcr_semihost.a
LOAD c:/nxp/mcuxpressoide_10.2.1_795/ide/tools/bin/../lib/gcc/arm-none-eabi/7.2.1/../../../../arm-none-eabi/lib/thumb/v7-m\libcr_c.a
LOAD c:/nxp/mcuxpressoide_10.2.1_795/ide/tools/bin/../lib/gcc/arm-none-eabi/7.2.1/thumb/v7-m\libcr_eabihelpers.a
END GROUP
                0x00000000                __base_MFlash64 = 0x0
                0x00000000                __base_Flash = 0x0
                0x00010000                __top_MFlash64 = 0x10000
                0x00010000                __top_Flash = 0x10000
                0x10000000                __base_RamLoc8 = 0x10000000
                0x10000000                __base_RAM = 0x10000000
                0x10002000                __top_RamLoc8 = 0x10002000
                0x10002000                __top_RAM = 0x10002000
                0x20004000                __base_RamUsb2 = 0x20004000
                0x20004000                __base_RAM2 = 0x20004000
                0x20004800                __top_RamUsb2 = 0x20004800
                0x20004800                __top_RAM2 = 0x20004800
                0x20000000                __base_RamPeriph2 = 0x20000000
                0x20000000                __base_RAM3 = 0x20000000
                0x20000800                __top_RamPeriph2 = 0x20000800
                0x20000800                __top_RAM3 = 0x20000800

.text           0x00000000     0x5424
 FILL mask 0xff
                0x00000000                __vectors_start__ = ABSOLUTE (.)
 *(.isr_vector)
 .isr_vector    0x00000000       0xc0 ./src/cr_startup_lpc13uxx.o
                0x00000000                g_pfnVectors
                0x000000c0                . = ALIGN (0x4)
                0x000000c0                __section_table_start = .
                0x000000c0                __data_section_table = .
                0x000000c0        0x4 LONG 0x5424 LOADADDR (.data)
                0x000000c4        0x4 LONG 0x10000000 ADDR (.data)
                0x000000c8        0x4 LONG 0x1c SIZEOF (.data)
                0x000000cc        0x4 LONG 0x5424 LOADADDR (.data_RAM2)
                0x000000d0        0x4 LONG 0x20004000 ADDR (.data_RAM2)
                0x000000d4        0x4 LONG 0x0 SIZEOF (.data_RAM2)
                0x000000d8        0x4 LONG 0x5424 LOADADDR (.data_RAM3)
                0x000000dc        0x4 LONG 0x20000000 ADDR (.data_RAM3)
                0x000000e0        0x4 LONG 0x0 SIZEOF (.data_RAM3)
                0x000000e4                __data_section_table_end = .
                0x000000e4                __bss_section_table = .
                0x000000e4        0x4 LONG 0x1000001c ADDR (.bss)
                0x000000e8        0x4 LONG 0x694 SIZEOF (.bss)
                0x000000ec        0x4 LONG 0x20004000 ADDR (.bss_RAM2)
                0x000000f0        0x4 LONG 0x0 SIZEOF (.bss_RAM2)
                0x000000f4        0x4 LONG 0x20000000 ADDR (.bss_RAM3)
                0x000000f8        0x4 LONG 0x0 SIZEOF (.bss_RAM3)
                0x000000fc                __bss_section_table_end = .
                0x000000fc                __section_table_end = .
 *(.after_vectors*)
 .after_vectors
                0x000000fc      0x13c ./src/cr_startup_lpc13uxx.o
                0x000000fc                data_init
                0x0000013e                bss_init
                0x00000174                ResetISR
                0x000001fc                NMI_Handler
                0x00000202                HardFault_Handler
                0x00000208                MemManage_Handler
                0x0000020e                BusFault_Handler
                0x00000214                UsageFault_Handler
                0x0000021a                SVC_Handler
                0x00000220                DebugMon_Handler
                0x00000226                PendSV_Handler
                0x0000022c                SysTick_Handler
                0x00000232                SSP0_IRQHandler
                0x00000232                USBWakeup_IRQHandler
                0x00000232                IntDefaultHandler
                0x00000232                TIMER32_1_IRQHandler
                0x00000232                PVTCIRCUIT_IRQHandler
                0x00000232                UART_IRQHandler
                0x00000232                USB_FIQHandler
                0x00000232                ADC_IRQHandler
                0x00000232                SSP1_IRQHandler
                0x00000232                PIN_INT7_IRQHandler
                0x00000232                USB_IRQHandler
                0x00000232                BOD_IRQHandler
                0x00000232                I2C_IRQHandler
                0x00000232                OSCFAIL_IRQHandler
                0x00000232                WDT_IRQHandler
                0x00000232                TIMER16_1_IRQHandler
                0x00000232                GINT0_IRQHandler
                0x00000232                RIT_IRQHandler
                0x00000232                TIMER32_0_IRQHandler
                0x00000232                FMC_IRQHandler
                0x00000232                GINT1_IRQHandler
                0x000002fc                . = 0x2fc
 *fill*         0x00000238       0xc4 ff
                0x000002fc                PROVIDE (__CRP_WORD_START__, .)
 *(.crp)
 .crp           0x000002fc        0x4 ./src/crp.o
                0x000002fc                CRP_WORD
                0x00000300                PROVIDE (__CRP_WORD_END__, .)
                0x00000001                ASSERT (! ((__CRP_WORD_START__ == __CRP_WORD_END__)), Linker CRP Enabled, but no CRP_WORD provided within application)
 *(.text*)
 .text.NVIC_EnableIRQ
                0x00000300       0x30 ./src/linear_drive_control_system.o
 .text.NVIC_ClearPendingIRQ
                0x00000330       0x34 ./src/linear_drive_control_system.o
 .text.NVIC_SetPriority
                0x00000364       0x54 ./src/linear_drive_control_system.o
 .text.Chip_SYSCTL_SetPinInterrupt
                0x000003b8       0x3c ./src/linear_drive_control_system.o
 .text.Chip_Clock_EnablePeriphClock
                0x000003f4       0x30 ./src/linear_drive_control_system.o
 .text.Chip_TIMER_MatchPending
                0x00000424       0x32 ./src/linear_drive_control_system.o
 .text.Chip_TIMER_ClearMatch
                0x00000456       0x26 ./src/linear_drive_control_system.o
 .text.Chip_TIMER_Enable
                0x0000047c       0x1e ./src/linear_drive_control_system.o
 .text.Chip_TIMER_PrescaleSet
                0x0000049a       0x1a ./src/linear_drive_control_system.o
 .text.Chip_TIMER_SetMatch
                0x000004b4       0x26 ./src/linear_drive_control_system.o
 .text.Chip_TIMER_MatchEnableInt
                0x000004da       0x32 ./src/linear_drive_control_system.o
 .text.Chip_TIMER_ResetOnMatchEnable
                0x0000050c       0x34 ./src/linear_drive_control_system.o
 .text.Chip_GPIO_WritePortBit
                0x00000540       0x32 ./src/linear_drive_control_system.o
 .text.Chip_GPIO_GetPinState
                0x00000572       0x34 ./src/linear_drive_control_system.o
 .text.Chip_PININT_SetPinModeEdge
                0x000005a6       0x22 ./src/linear_drive_control_system.o
 .text.Chip_PININT_EnableIntHigh
                0x000005c8       0x1a ./src/linear_drive_control_system.o
 .text.Chip_PININT_EnableIntLow
                0x000005e2       0x1a ./src/linear_drive_control_system.o
 .text.Chip_PININT_ClearIntStatus
                0x000005fc       0x1a ./src/linear_drive_control_system.o
 .text.arm_pid_f32
                0x00000616       0x84 ./src/linear_drive_control_system.o
 *fill*         0x0000069a        0x2 ff
 .text.OLED_desktop
                0x0000069c       0xc4 ./src/linear_drive_control_system.o
 .text.OLED_drawPosition
                0x00000760       0xc4 ./src/linear_drive_control_system.o
 .text.OLED_calibrate
                0x00000824       0xbc ./src/linear_drive_control_system.o
 .text.OLED_manual
                0x000008e0       0x9c ./src/linear_drive_control_system.o
 .text.OLED_manualControl
                0x0000097c       0xc0 ./src/linear_drive_control_system.o
 .text.move     0x00000a3c       0x54 ./src/linear_drive_control_system.o
 .text.systemCalibrate
                0x00000a90       0xc4 ./src/linear_drive_control_system.o
 .text.calcMotorPower
                0x00000b54      0x160 ./src/linear_drive_control_system.o
 .text.resetCoef
                0x00000cb4       0x4c ./src/linear_drive_control_system.o
 .text.updateLimitSWStatus
                0x00000d00       0x38 ./src/linear_drive_control_system.o
 .text.motorPinsInit
                0x00000d38       0xb0 ./src/linear_drive_control_system.o
 .text.encoderPinsInit
                0x00000de8       0xa0 ./src/linear_drive_control_system.o
 .text.timerInit
                0x00000e88       0xa8 ./src/linear_drive_control_system.o
 .text.limitSWInit
                0x00000f30      0x100 ./src/linear_drive_control_system.o
 .text.motor    0x00001030      0x110 ./src/linear_drive_control_system.o
                0x00001030                motor
 .text.PIN_INT0_IRQHandler
                0x00001140       0x3c ./src/linear_drive_control_system.o
                0x00001140                PIN_INT0_IRQHandler
 .text.PIN_INT1_IRQHandler
                0x0000117c      0x144 ./src/linear_drive_control_system.o
                0x0000117c                PIN_INT1_IRQHandler
 .text.PIN_INT2_IRQHandler
                0x000012c0       0xec ./src/linear_drive_control_system.o
                0x000012c0                PIN_INT2_IRQHandler
 .text.PIN_INT3_IRQHandler
                0x000013ac       0x20 ./src/linear_drive_control_system.o
                0x000013ac                PIN_INT3_IRQHandler
 .text.PIN_INT4_IRQHandler
                0x000013cc       0x20 ./src/linear_drive_control_system.o
                0x000013cc                PIN_INT4_IRQHandler
 .text.PIN_INT5_IRQHandler
                0x000013ec       0x20 ./src/linear_drive_control_system.o
                0x000013ec                PIN_INT5_IRQHandler
 .text.PIN_INT6_IRQHandler
                0x0000140c       0x20 ./src/linear_drive_control_system.o
                0x0000140c                PIN_INT6_IRQHandler
 .text.TIMER16_0_IRQHandler
                0x0000142c       0xc8 ./src/linear_drive_control_system.o
                0x0000142c                TIMER16_0_IRQHandler
 .text.main     0x000014f4       0xcc ./src/linear_drive_control_system.o
                0x000014f4                main
 .text.Chip_SSP_Enable
                0x000015c0       0x1e ./src/oled.o
 .text.Chip_SSP_GetStatus
                0x000015de       0x28 ./src/oled.o
 .text.Chip_SSP_SendFrame
                0x00001606       0x1c ./src/oled.o
 .text.Chip_SSP_SetFormat
                0x00001622       0x30 ./src/oled.o
 .text.Chip_GPIO_WritePortBit
                0x00001652       0x32 ./src/oled.o
 .text.OLED_Write_Byte
                0x00001684       0x98 ./src/oled.o
                0x00001684                OLED_Write_Byte
 .text.OLED_Refresh_Gram
                0x0000171c       0x6c ./src/oled.o
                0x0000171c                OLED_Refresh_Gram
 .text.OLED_Clear_Screen
                0x00001788       0x6c ./src/oled.o
                0x00001788                OLED_Clear_Screen
 .text.OLED_Draw_Point
                0x000017f4       0xa8 ./src/oled.o
                0x000017f4                OLED_Draw_Point
 .text.OLED_Draw_Line
                0x0000189c      0x18c ./src/oled.o
                0x0000189c                OLED_Draw_Line
 .text.OLED_Puts
                0x00001a28       0xa8 ./src/oled.o
                0x00001a28                OLED_Puts
 .text.OLED_Init
                0x00001ad0      0x18c ./src/oled.o
                0x00001ad0                OLED_Init
 .text.SystemInit
                0x00001c5c        0xc ./src/sysinit.o
                0x00001c5c                SystemInit
 .text.Chip_GPIO_WritePortBit
                0x00001c68       0x32 C:\Users\DELL\Desktop\Wbudowane\lpc_board_nxp_lpcxpresso_1347\Debug\liblpc_board_nxp_lpcxpresso_1347.a(board.o)
 .text.__sys_write
                0x00001c9a       0x18 C:\Users\DELL\Desktop\Wbudowane\lpc_board_nxp_lpcxpresso_1347\Debug\liblpc_board_nxp_lpcxpresso_1347.a(board.o)
                0x00001c9a                __sys_write
 .text.Board_LED_Init
                0x00001cb2       0x16 C:\Users\DELL\Desktop\Wbudowane\lpc_board_nxp_lpcxpresso_1347\Debug\liblpc_board_nxp_lpcxpresso_1347.a(board.o)
 .text.Board_LED_Set
                0x00001cc8       0x2c C:\Users\DELL\Desktop\Wbudowane\lpc_board_nxp_lpcxpresso_1347\Debug\liblpc_board_nxp_lpcxpresso_1347.a(board.o)
                0x00001cc8                Board_LED_Set
 .text.Board_Init
                0x00001cf4       0x14 C:\Users\DELL\Desktop\Wbudowane\lpc_board_nxp_lpcxpresso_1347\Debug\liblpc_board_nxp_lpcxpresso_1347.a(board.o)
                0x00001cf4                Board_Init
 .text.Chip_SYSCTL_Map
                0x00001d08       0x20 C:\Users\DELL\Desktop\Wbudowane\lpc_board_nxp_lpcxpresso_1347\Debug\liblpc_board_nxp_lpcxpresso_1347.a(board_sysinit.o)
 .text.Chip_Clock_EnablePeriphClock
                0x00001d28       0x30 C:\Users\DELL\Desktop\Wbudowane\lpc_board_nxp_lpcxpresso_1347\Debug\liblpc_board_nxp_lpcxpresso_1347.a(board_sysinit.o)
 .text.Chip_IOCON_SetPinMuxing
                0x00001d58       0x4e C:\Users\DELL\Desktop\Wbudowane\lpc_board_nxp_lpcxpresso_1347\Debug\liblpc_board_nxp_lpcxpresso_1347.a(board_sysinit.o)
 *fill*         0x00001da6        0x2 ff
 .text.Board_SetupMuxing
                0x00001da8       0x20 C:\Users\DELL\Desktop\Wbudowane\lpc_board_nxp_lpcxpresso_1347\Debug\liblpc_board_nxp_lpcxpresso_1347.a(board_sysinit.o)
                0x00001da8                Board_SetupMuxing
 .text.Board_SetupClocking
                0x00001dc8        0xc C:\Users\DELL\Desktop\Wbudowane\lpc_board_nxp_lpcxpresso_1347\Debug\liblpc_board_nxp_lpcxpresso_1347.a(board_sysinit.o)
                0x00001dc8                Board_SetupClocking
 .text.Board_SystemInit
                0x00001dd4       0x16 C:\Users\DELL\Desktop\Wbudowane\lpc_board_nxp_lpcxpresso_1347\Debug\liblpc_board_nxp_lpcxpresso_1347.a(board_sysinit.o)
                0x00001dd4                Board_SystemInit
 *fill*         0x00001dea        0x2 ff
 .text.SystemCoreClockUpdate
                0x00001dec       0x18 C:\Users\DELL\Desktop\Wbudowane\lpc_chip_13xx\Debug\liblpc_chip_13xx.a(chip_13xx.o)
                0x00001dec                SystemCoreClockUpdate
 .text.Chip_Clock_GetMainOscRate
                0x00001e04       0x14 C:\Users\DELL\Desktop\Wbudowane\lpc_chip_13xx\Debug\liblpc_chip_13xx.a(clock_13xx.o)
 .text.Chip_Clock_GetIntOscRate
                0x00001e18       0x14 C:\Users\DELL\Desktop\Wbudowane\lpc_chip_13xx\Debug\liblpc_chip_13xx.a(clock_13xx.o)
 .text.Chip_Clock_GetWDTLFORate
                0x00001e2c       0x3c C:\Users\DELL\Desktop\Wbudowane\lpc_chip_13xx\Debug\liblpc_chip_13xx.a(clock_13xx.o)
 .text.Chip_Clock_GetPLLFreq
                0x00001e68       0x26 C:\Users\DELL\Desktop\Wbudowane\lpc_chip_13xx\Debug\liblpc_chip_13xx.a(clock_13xx.o)
 *fill*         0x00001e8e        0x2 ff
 .text.Chip_Clock_SetSystemPLLSource
                0x00001e90       0x20 C:\Users\DELL\Desktop\Wbudowane\lpc_chip_13xx\Debug\liblpc_chip_13xx.a(clock_13xx.o)
                0x00001e90                Chip_Clock_SetSystemPLLSource
 .text.Chip_Clock_SetMainClockSource
                0x00001eb0       0x20 C:\Users\DELL\Desktop\Wbudowane\lpc_chip_13xx\Debug\liblpc_chip_13xx.a(clock_13xx.o)
                0x00001eb0                Chip_Clock_SetMainClockSource
 .text.Chip_Clock_GetWDTOSCRate
                0x00001ed0       0x18 C:\Users\DELL\Desktop\Wbudowane\lpc_chip_13xx\Debug\liblpc_chip_13xx.a(clock_13xx.o)
                0x00001ed0                Chip_Clock_GetWDTOSCRate
 .text.Chip_Clock_GetSystemPLLInClockRate
                0x00001ee8       0x3c C:\Users\DELL\Desktop\Wbudowane\lpc_chip_13xx\Debug\liblpc_chip_13xx.a(clock_13xx.o)
                0x00001ee8                Chip_Clock_GetSystemPLLInClockRate
 .text.Chip_Clock_GetSystemPLLOutClockRate
                0x00001f24       0x20 C:\Users\DELL\Desktop\Wbudowane\lpc_chip_13xx\Debug\liblpc_chip_13xx.a(clock_13xx.o)
                0x00001f24                Chip_Clock_GetSystemPLLOutClockRate
 .text.Chip_Clock_GetMainClockRate
                0x00001f44       0x60 C:\Users\DELL\Desktop\Wbudowane\lpc_chip_13xx\Debug\liblpc_chip_13xx.a(clock_13xx.o)
                0x00001f44                Chip_Clock_GetMainClockRate
 .text.Chip_Clock_GetSystemClockRate
                0x00001fa4       0x1c C:\Users\DELL\Desktop\Wbudowane\lpc_chip_13xx\Debug\liblpc_chip_13xx.a(clock_13xx.o)
                0x00001fa4                Chip_Clock_GetSystemClockRate
 .text.Chip_Clock_EnablePeriphClock
                0x00001fc0       0x30 C:\Users\DELL\Desktop\Wbudowane\lpc_chip_13xx\Debug\liblpc_chip_13xx.a(gpio_13xx_1.o)
 .text.Chip_GPIO_Init
                0x00001ff0       0x16 C:\Users\DELL\Desktop\Wbudowane\lpc_chip_13xx\Debug\liblpc_chip_13xx.a(gpio_13xx_1.o)
                0x00001ff0                Chip_GPIO_Init
 .text.Chip_GPIO_WriteDirBit
                0x00002006       0x72 C:\Users\DELL\Desktop\Wbudowane\lpc_chip_13xx\Debug\liblpc_chip_13xx.a(gpio_13xx_1.o)
                0x00002006                Chip_GPIO_WriteDirBit
 .text.Chip_IOCON_PinMuxSet
                0x00002078       0x3a C:\Users\DELL\Desktop\Wbudowane\lpc_chip_13xx\Debug\liblpc_chip_13xx.a(iocon_13xx.o)
                0x00002078                Chip_IOCON_PinMuxSet
 *fill*         0x000020b2        0x2 ff
 .text.Chip_SYSCTL_AssertPeriphReset
                0x000020b4       0x30 C:\Users\DELL\Desktop\Wbudowane\lpc_chip_13xx\Debug\liblpc_chip_13xx.a(ssp_13xx.o)
 .text.Chip_SYSCTL_DeassertPeriphReset
                0x000020e4       0x2c C:\Users\DELL\Desktop\Wbudowane\lpc_chip_13xx\Debug\liblpc_chip_13xx.a(ssp_13xx.o)
 .text.Chip_SYSCTL_PeriphReset
                0x00002110       0x22 C:\Users\DELL\Desktop\Wbudowane\lpc_chip_13xx\Debug\liblpc_chip_13xx.a(ssp_13xx.o)
 *fill*         0x00002132        0x2 ff
 .text.Chip_Clock_EnablePeriphClock
                0x00002134       0x30 C:\Users\DELL\Desktop\Wbudowane\lpc_chip_13xx\Debug\liblpc_chip_13xx.a(ssp_13xx.o)
 .text.Chip_Clock_SetSSP0ClockDiv
                0x00002164       0x20 C:\Users\DELL\Desktop\Wbudowane\lpc_chip_13xx\Debug\liblpc_chip_13xx.a(ssp_13xx.o)
 .text.Chip_Clock_GetSSP0ClockDiv
                0x00002184       0x18 C:\Users\DELL\Desktop\Wbudowane\lpc_chip_13xx\Debug\liblpc_chip_13xx.a(ssp_13xx.o)
 .text.Chip_Clock_SetSSP1ClockDiv
                0x0000219c       0x20 C:\Users\DELL\Desktop\Wbudowane\lpc_chip_13xx\Debug\liblpc_chip_13xx.a(ssp_13xx.o)
 .text.Chip_Clock_GetSSP1ClockDiv
                0x000021bc       0x18 C:\Users\DELL\Desktop\Wbudowane\lpc_chip_13xx\Debug\liblpc_chip_13xx.a(ssp_13xx.o)
 .text.Chip_SSP_SetFormat
                0x000021d4       0x30 C:\Users\DELL\Desktop\Wbudowane\lpc_chip_13xx\Debug\liblpc_chip_13xx.a(ssp_13xx.o)
 .text.Chip_SSP_Set_Mode
                0x00002204       0x24 C:\Users\DELL\Desktop\Wbudowane\lpc_chip_13xx\Debug\liblpc_chip_13xx.a(ssp_13xx.o)
 .text.Chip_SSP_GetClockIndex
                0x00002228       0x2c C:\Users\DELL\Desktop\Wbudowane\lpc_chip_13xx\Debug\liblpc_chip_13xx.a(ssp_13xx.o)
 .text.Chip_SSP_GetResetIndex
                0x00002254       0x2c C:\Users\DELL\Desktop\Wbudowane\lpc_chip_13xx\Debug\liblpc_chip_13xx.a(ssp_13xx.o)
 .text.Chip_SSP_SetSSPClkDivider
                0x00002280       0x2c C:\Users\DELL\Desktop\Wbudowane\lpc_chip_13xx\Debug\liblpc_chip_13xx.a(ssp_13xx.o)
 .text.Chip_SSP_GetPCLKkRate
                0x000022ac       0x44 C:\Users\DELL\Desktop\Wbudowane\lpc_chip_13xx\Debug\liblpc_chip_13xx.a(ssp_13xx.o)
 .text.Chip_SSP_SetClockRate
                0x000022f0       0x34 C:\Users\DELL\Desktop\Wbudowane\lpc_chip_13xx\Debug\liblpc_chip_13xx.a(ssp_13xx.o)
                0x000022f0                Chip_SSP_SetClockRate
 .text.Chip_SSP_SetMaster
                0x00002324       0x2c C:\Users\DELL\Desktop\Wbudowane\lpc_chip_13xx\Debug\liblpc_chip_13xx.a(ssp_13xx.o)
                0x00002324                Chip_SSP_SetMaster
 .text.Chip_SSP_SetBitRate
                0x00002350       0x6c C:\Users\DELL\Desktop\Wbudowane\lpc_chip_13xx\Debug\liblpc_chip_13xx.a(ssp_13xx.o)
                0x00002350                Chip_SSP_SetBitRate
 .text.Chip_SSP_Init
                0x000023bc       0x54 C:\Users\DELL\Desktop\Wbudowane\lpc_chip_13xx\Debug\liblpc_chip_13xx.a(ssp_13xx.o)
                0x000023bc                Chip_SSP_Init
 .text.Chip_SYSCTL_PowerDown
                0x00002410       0x40 C:\Users\DELL\Desktop\Wbudowane\lpc_chip_13xx\Debug\liblpc_chip_13xx.a(sysctl_13xx.o)
                0x00002410                Chip_SYSCTL_PowerDown
 .text.Chip_SYSCTL_PowerUp
                0x00002450       0x40 C:\Users\DELL\Desktop\Wbudowane\lpc_chip_13xx\Debug\liblpc_chip_13xx.a(sysctl_13xx.o)
                0x00002450                Chip_SYSCTL_PowerUp
 .text.Chip_Clock_SetupSystemPLL
                0x00002490       0x34 C:\Users\DELL\Desktop\Wbudowane\lpc_chip_13xx\Debug\liblpc_chip_13xx.a(sysinit_13xx.o)
 .text.Chip_Clock_IsSystemPLLLocked
                0x000024c4       0x24 C:\Users\DELL\Desktop\Wbudowane\lpc_chip_13xx\Debug\liblpc_chip_13xx.a(sysinit_13xx.o)
 .text.Chip_Clock_SetSysClockDiv
                0x000024e8       0x1c C:\Users\DELL\Desktop\Wbudowane\lpc_chip_13xx\Debug\liblpc_chip_13xx.a(sysinit_13xx.o)
 .text.Chip_FMC_SetFLASHAccess
                0x00002504       0x2c C:\Users\DELL\Desktop\Wbudowane\lpc_chip_13xx\Debug\liblpc_chip_13xx.a(sysinit_13xx.o)
 .text.Chip_SetupXtalClocking
                0x00002530       0x66 C:\Users\DELL\Desktop\Wbudowane\lpc_chip_13xx\Debug\liblpc_chip_13xx.a(sysinit_13xx.o)
                0x00002530                Chip_SetupXtalClocking
 *fill*         0x00002596        0x2 ff
 .text.Chip_Clock_EnablePeriphClock
                0x00002598       0x30 C:\Users\DELL\Desktop\Wbudowane\lpc_chip_13xx\Debug\liblpc_chip_13xx.a(timer_13xx.o)
 .text.Chip_TIMER_GetClock
                0x000025c8       0x50 C:\Users\DELL\Desktop\Wbudowane\lpc_chip_13xx\Debug\liblpc_chip_13xx.a(timer_13xx.o)
 .text.Chip_TIMER_Init
                0x00002618       0x1e C:\Users\DELL\Desktop\Wbudowane\lpc_chip_13xx\Debug\liblpc_chip_13xx.a(timer_13xx.o)
                0x00002618                Chip_TIMER_Init
 .text.Chip_TIMER_Reset
                0x00002636       0x3a C:\Users\DELL\Desktop\Wbudowane\lpc_chip_13xx\Debug\liblpc_chip_13xx.a(timer_13xx.o)
                0x00002636                Chip_TIMER_Reset
 .text.arm_pid_init_f32
                0x00002670       0x48 C:\Users\DELL\Desktop\Wbudowane\CMSIS_DSPLIB_CM3\lib\libCMSIS_DSPLIB_CM3.a(arm_pid_init_f32.o)
                0x00002670                arm_pid_init_f32
 .text.arm_pid_reset_f32
                0x000026b8        0xc C:\Users\DELL\Desktop\Wbudowane\CMSIS_DSPLIB_CM3\lib\libCMSIS_DSPLIB_CM3.a(arm_pid_reset_f32.o)
                0x000026b8                arm_pid_reset_f32
 .text.__main   0x000026c4        0xe c:/nxp/mcuxpressoide_10.2.1_795/ide/tools/bin/../lib/gcc/arm-none-eabi/7.2.1/../../../../arm-none-eabi/lib/thumb/v7-m\libcr_semihost.a(_cr__main.o)
                0x000026c4                __CR_SEMIHOST
                0x000026c4                __main
 .text.memset   0x000026d2        0x4 c:/nxp/mcuxpressoide_10.2.1_795/ide/tools/bin/../lib/gcc/arm-none-eabi/7.2.1/../../../../arm-none-eabi/lib/thumb/v7-m\libcr_c.a(memset.o)
                0x000026d2                memset
 .text.fp_round
                0x000026d6       0x4c c:/nxp/mcuxpressoide_10.2.1_795/ide/tools/bin/../lib/gcc/arm-none-eabi/7.2.1/../../../../arm-none-eabi/lib/thumb/v7-m\libcr_c.a(fpprintf.o)
 .text.pr_dec.constprop.1
                0x00002722       0x26 c:/nxp/mcuxpressoide_10.2.1_795/ide/tools/bin/../lib/gcc/arm-none-eabi/7.2.1/../../../../arm-none-eabi/lib/thumb/v7-m\libcr_c.a(fpprintf.o)
 .text.sprintf  0x00002748       0x6c c:/nxp/mcuxpressoide_10.2.1_795/ide/tools/bin/../lib/gcc/arm-none-eabi/7.2.1/../../../../arm-none-eabi/lib/thumb/v7-m\libcr_c.a(fpprintf.o)
                0x00002748                sprintf
 *fill*         0x000027b4        0x4 ff
 .text.fp_display
                0x000027b8      0x96c c:/nxp/mcuxpressoide_10.2.1_795/ide/tools/bin/../lib/gcc/arm-none-eabi/7.2.1/../../../../arm-none-eabi/lib/thumb/v7-m\libcr_c.a(fpprintf.o)
 .text._initio  0x00003124       0x78 c:/nxp/mcuxpressoide_10.2.1_795/ide/tools/bin/../lib/gcc/arm-none-eabi/7.2.1/../../../../arm-none-eabi/lib/thumb/v7-m\libcr_c.a(initio.o)
                0x00003124                _initio
 .text.__vfprintf
                0x0000319c      0xb98 c:/nxp/mcuxpressoide_10.2.1_795/ide/tools/bin/../lib/gcc/arm-none-eabi/7.2.1/../../../../arm-none-eabi/lib/thumb/v7-m\libcr_c.a(printf.o)
                0x0000319c                __vfprintf
 .text.setvbuf  0x00003d34       0x40 c:/nxp/mcuxpressoide_10.2.1_795/ide/tools/bin/../lib/gcc/arm-none-eabi/7.2.1/../../../../arm-none-eabi/lib/thumb/v7-m\libcr_c.a(setvbuf.o)
                0x00003d34                setvbuf
 .text.abs      0x00003d74        0x8 c:/nxp/mcuxpressoide_10.2.1_795/ide/tools/bin/../lib/gcc/arm-none-eabi/7.2.1/../../../../arm-none-eabi/lib/thumb/v7-m\libcr_c.a(stdlib.o)
                0x00003d74                abs
 .text.strlen   0x00003d7c       0x4a c:/nxp/mcuxpressoide_10.2.1_795/ide/tools/bin/../lib/gcc/arm-none-eabi/7.2.1/../../../../arm-none-eabi/lib/thumb/v7-m\libcr_c.a(strlen.o)
                0x00003d7c                strlen
 .text._deferredlazyseek
                0x00003dc6       0x40 c:/nxp/mcuxpressoide_10.2.1_795/ide/tools/bin/../lib/gcc/arm-none-eabi/7.2.1/../../../../arm-none-eabi/lib/thumb/v7-m\libcr_c.a(_deferredlazyseek.o)
                0x00003dc6                _deferredlazyseek
 .text.__flsbuf
                0x00003e06      0x140 c:/nxp/mcuxpressoide_10.2.1_795/ide/tools/bin/../lib/gcc/arm-none-eabi/7.2.1/../../../../arm-none-eabi/lib/thumb/v7-m\libcr_c.a(_deferredlazyseek.o)
                0x00003e06                __flsbuf
 .text._fdopen  0x00003f46       0x68 c:/nxp/mcuxpressoide_10.2.1_795/ide/tools/bin/../lib/gcc/arm-none-eabi/7.2.1/../../../../arm-none-eabi/lib/thumb/v7-m\libcr_c.a(_fdopen.o)
                0x00003f46                _fdopen
 .text._fflush  0x00003fae       0x52 c:/nxp/mcuxpressoide_10.2.1_795/ide/tools/bin/../lib/gcc/arm-none-eabi/7.2.1/../../../../arm-none-eabi/lib/thumb/v7-m\libcr_c.a(_fflush.o)
                0x00003fae                _fflush
 .text._frexpl  0x00004000       0x56 c:/nxp/mcuxpressoide_10.2.1_795/ide/tools/bin/../lib/gcc/arm-none-eabi/7.2.1/../../../../arm-none-eabi/lib/thumb/v7-m\libcr_c.a(_frexpl.o)
                0x00004000                _frexpl
 *fill*         0x00004056        0x2 ff
 .text._ldexpl  0x00004058       0x4c c:/nxp/mcuxpressoide_10.2.1_795/ide/tools/bin/../lib/gcc/arm-none-eabi/7.2.1/../../../../arm-none-eabi/lib/thumb/v7-m\libcr_c.a(_ldexpl.o)
                0x00004058                _ldexpl
 .text._Cwritebuf
                0x000040a4       0x6c c:/nxp/mcuxpressoide_10.2.1_795/ide/tools/bin/../lib/gcc/arm-none-eabi/7.2.1/../../../../arm-none-eabi/lib/thumb/v7-m\libcr_c.a(_writebuf.o)
                0x000040a4                _Cwritebuf
 .text.malloc   0x00004110       0xc8 c:/nxp/mcuxpressoide_10.2.1_795/ide/tools/bin/../lib/gcc/arm-none-eabi/7.2.1/../../../../arm-none-eabi/lib/thumb/v7-m\libcr_c.a(alloc.o)
                0x00004110                malloc
 .text.free     0x000041d8       0x30 c:/nxp/mcuxpressoide_10.2.1_795/ide/tools/bin/../lib/gcc/arm-none-eabi/7.2.1/../../../../arm-none-eabi/lib/thumb/v7-m\libcr_c.a(alloc.o)
                0x000041d8                free
 .text._Csys_alloc
                0x00004208       0x20 c:/nxp/mcuxpressoide_10.2.1_795/ide/tools/bin/../lib/gcc/arm-none-eabi/7.2.1/../../../../arm-none-eabi/lib/thumb/v7-m\libcr_c.a(alloc.o)
                0x00004208                _Csys_alloc
 .text.fclose   0x00004228       0x58 c:/nxp/mcuxpressoide_10.2.1_795/ide/tools/bin/../lib/gcc/arm-none-eabi/7.2.1/../../../../arm-none-eabi/lib/thumb/v7-m\libcr_c.a(fclose.o)
                0x00004228                fclose
 .text.fflush   0x00004280       0x44 c:/nxp/mcuxpressoide_10.2.1_795/ide/tools/bin/../lib/gcc/arm-none-eabi/7.2.1/../../../../arm-none-eabi/lib/thumb/v7-m\libcr_c.a(fflush.o)
                0x00004280                fflush
 .text.fseek    0x000042c4      0x100 c:/nxp/mcuxpressoide_10.2.1_795/ide/tools/bin/../lib/gcc/arm-none-eabi/7.2.1/../../../../arm-none-eabi/lib/thumb/v7-m\libcr_c.a(fseek.o)
                0x000042c4                fseek
 .text.ftell    0x000043c4       0x44 c:/nxp/mcuxpressoide_10.2.1_795/ide/tools/bin/../lib/gcc/arm-none-eabi/7.2.1/../../../../arm-none-eabi/lib/thumb/v7-m\libcr_c.a(ftell.o)
                0x000043c4                ftell
 .text.remove   0x00004408       0x14 c:/nxp/mcuxpressoide_10.2.1_795/ide/tools/bin/../lib/gcc/arm-none-eabi/7.2.1/../../../../arm-none-eabi/lib/thumb/v7-m\libcr_c.a(remove.o)
                0x00004408                remove
 .text._sbrk    0x0000441c       0x3c c:/nxp/mcuxpressoide_10.2.1_795/ide/tools/bin/../lib/gcc/arm-none-eabi/7.2.1/../../../../arm-none-eabi/lib/thumb/v7-m\libcr_c.a(_cr_sbrk.o)
                0x0000441c                _sbrk
 .text._do_fflush
                0x00004458       0x40 c:/nxp/mcuxpressoide_10.2.1_795/ide/tools/bin/../lib/gcc/arm-none-eabi/7.2.1/../../../../arm-none-eabi/lib/thumb/v7-m\libcr_c.a(_do_fflush.o)
                0x00004458                _do_fflush
 .text.__check_heap_overflow
                0x00004498       0x18 c:/nxp/mcuxpressoide_10.2.1_795/ide/tools/bin/../lib/gcc/arm-none-eabi/7.2.1/../../../../arm-none-eabi/lib/thumb/v7-m\libcr_c.a(_cr_check_heap.o)
                0x00004498                __check_heap_overflow
 .text.__aeabi_dmul
                0x000044b0      0x10c c:/nxp/mcuxpressoide_10.2.1_795/ide/tools/bin/../lib/gcc/arm-none-eabi/7.2.1/thumb/v7-m\libcr_eabihelpers.a(double.o)
                0x000044b0                __aeabi_dmul
 .text.__aeabi_ddiv
                0x000045bc      0x130 c:/nxp/mcuxpressoide_10.2.1_795/ide/tools/bin/../lib/gcc/arm-none-eabi/7.2.1/thumb/v7-m\libcr_eabihelpers.a(double.o)
                0x000045bc                __aeabi_ddiv
 .text.__aeabi_dsub
                0x000046ec      0x1b0 c:/nxp/mcuxpressoide_10.2.1_795/ide/tools/bin/../lib/gcc/arm-none-eabi/7.2.1/thumb/v7-m\libcr_eabihelpers.a(double.o)
                0x000046ec                __aeabi_dsub
 .text.__aeabi_dadd
                0x0000489c      0x10c c:/nxp/mcuxpressoide_10.2.1_795/ide/tools/bin/../lib/gcc/arm-none-eabi/7.2.1/thumb/v7-m\libcr_eabihelpers.a(double.o)
                0x0000489c                __aeabi_dadd
 .text.__aeabi_d2f
                0x000049a8       0x54 c:/nxp/mcuxpressoide_10.2.1_795/ide/tools/bin/../lib/gcc/arm-none-eabi/7.2.1/thumb/v7-m\libcr_eabihelpers.a(double.o)
                0x000049a8                __aeabi_d2f
 .text.__aeabi_d2iz
                0x000049fc       0x40 c:/nxp/mcuxpressoide_10.2.1_795/ide/tools/bin/../lib/gcc/arm-none-eabi/7.2.1/thumb/v7-m\libcr_eabihelpers.a(double.o)
                0x000049fc                __aeabi_d2iz
 .text.__bhs_ui2d
                0x00004a3c       0x46 c:/nxp/mcuxpressoide_10.2.1_795/ide/tools/bin/../lib/gcc/arm-none-eabi/7.2.1/thumb/v7-m\libcr_eabihelpers.a(double.o)
                0x00004a3c                __bhs_ui2d
 .text.__aeabi_i2d
                0x00004a82       0x12 c:/nxp/mcuxpressoide_10.2.1_795/ide/tools/bin/../lib/gcc/arm-none-eabi/7.2.1/thumb/v7-m\libcr_eabihelpers.a(double.o)
                0x00004a82                __aeabi_i2d
 .text.__aeabi_dcmpeq
                0x00004a94       0x2c c:/nxp/mcuxpressoide_10.2.1_795/ide/tools/bin/../lib/gcc/arm-none-eabi/7.2.1/thumb/v7-m\libcr_eabihelpers.a(double.o)
                0x00004a94                __aeabi_dcmpeq
 .text.__aeabi_dcmplt
                0x00004ac0       0x54 c:/nxp/mcuxpressoide_10.2.1_795/ide/tools/bin/../lib/gcc/arm-none-eabi/7.2.1/thumb/v7-m\libcr_eabihelpers.a(double.o)
                0x00004ac0                __aeabi_dcmplt
 .text.__aeabi_dcmple
                0x00004b14       0x54 c:/nxp/mcuxpressoide_10.2.1_795/ide/tools/bin/../lib/gcc/arm-none-eabi/7.2.1/thumb/v7-m\libcr_eabihelpers.a(double.o)
                0x00004b14                __aeabi_dcmple
 .text.__aeabi_dcmpge
                0x00004b68       0x54 c:/nxp/mcuxpressoide_10.2.1_795/ide/tools/bin/../lib/gcc/arm-none-eabi/7.2.1/thumb/v7-m\libcr_eabihelpers.a(double.o)
                0x00004b68                __aeabi_dcmpge
 .text.__aeabi_fmul
                0x00004bbc       0xb0 c:/nxp/mcuxpressoide_10.2.1_795/ide/tools/bin/../lib/gcc/arm-none-eabi/7.2.1/thumb/v7-m\libcr_eabihelpers.a(float.o)
                0x00004bbc                __aeabi_fmul
 .text.__aeabi_fdiv
                0x00004c6c       0xb8 c:/nxp/mcuxpressoide_10.2.1_795/ide/tools/bin/../lib/gcc/arm-none-eabi/7.2.1/thumb/v7-m\libcr_eabihelpers.a(float.o)
                0x00004c6c                __aeabi_fdiv
 .text.__aeabi_fsub
                0x00004d24       0xe0 c:/nxp/mcuxpressoide_10.2.1_795/ide/tools/bin/../lib/gcc/arm-none-eabi/7.2.1/thumb/v7-m\libcr_eabihelpers.a(float.o)
                0x00004d24                __aeabi_fsub
 .text.__aeabi_fadd
                0x00004e04       0xb0 c:/nxp/mcuxpressoide_10.2.1_795/ide/tools/bin/../lib/gcc/arm-none-eabi/7.2.1/thumb/v7-m\libcr_eabihelpers.a(float.o)
                0x00004e04                __aeabi_fadd
 .text.__aeabi_f2iz
                0x00004eb4       0x36 c:/nxp/mcuxpressoide_10.2.1_795/ide/tools/bin/../lib/gcc/arm-none-eabi/7.2.1/thumb/v7-m\libcr_eabihelpers.a(float.o)
                0x00004eb4                __aeabi_f2iz
 .text.__bhs_ui2f
                0x00004eea       0x26 c:/nxp/mcuxpressoide_10.2.1_795/ide/tools/bin/../lib/gcc/arm-none-eabi/7.2.1/thumb/v7-m\libcr_eabihelpers.a(float.o)
                0x00004eea                __bhs_ui2f
 .text.__aeabi_i2f
                0x00004f10       0x12 c:/nxp/mcuxpressoide_10.2.1_795/ide/tools/bin/../lib/gcc/arm-none-eabi/7.2.1/thumb/v7-m\libcr_eabihelpers.a(float.o)
                0x00004f10                __aeabi_i2f
 .text.__aeabi_ui2f
                0x00004f22        0x8 c:/nxp/mcuxpressoide_10.2.1_795/ide/tools/bin/../lib/gcc/arm-none-eabi/7.2.1/thumb/v7-m\libcr_eabihelpers.a(float.o)
                0x00004f22                __aeabi_ui2f
 *fill*         0x00004f2a        0x2 ff
 .text.__aeabi_f2d
                0x00004f2c       0x38 c:/nxp/mcuxpressoide_10.2.1_795/ide/tools/bin/../lib/gcc/arm-none-eabi/7.2.1/thumb/v7-m\libcr_eabihelpers.a(float.o)
                0x00004f2c                __aeabi_f2d
 .text.__aeabi_fcmplt
                0x00004f64       0x3a c:/nxp/mcuxpressoide_10.2.1_795/ide/tools/bin/../lib/gcc/arm-none-eabi/7.2.1/thumb/v7-m\libcr_eabihelpers.a(float.o)
                0x00004f64                __aeabi_fcmplt
 .text.__aeabi_fcmpgt
                0x00004f9e       0x3a c:/nxp/mcuxpressoide_10.2.1_795/ide/tools/bin/../lib/gcc/arm-none-eabi/7.2.1/thumb/v7-m\libcr_eabihelpers.a(float.o)
                0x00004f9e                __aeabi_fcmpgt
 .text.__aeabi_memset_lowlevel
                0x00004fd8       0x32 c:/nxp/mcuxpressoide_10.2.1_795/ide/tools/bin/../lib/gcc/arm-none-eabi/7.2.1/thumb/v7-m\libcr_eabihelpers.a(memcpy.o)
                0x00004fd8                __aeabi_lowlevel_memset
 *fill*         0x0000500a        0x2 ff
 .text.__sys_appexit
                0x0000500c        0xc c:/nxp/mcuxpressoide_10.2.1_795/ide/tools/bin/../lib/gcc/arm-none-eabi/7.2.1/../../../../arm-none-eabi/lib/thumb/v7-m\libcr_semihost.a(__sys_appexit.o)
                0x0000500c                __sys_appexit
                0x0000500c                __exit
 .text.__sys_close
                0x00005018        0xc c:/nxp/mcuxpressoide_10.2.1_795/ide/tools/bin/../lib/gcc/arm-none-eabi/7.2.1/../../../../arm-none-eabi/lib/thumb/v7-m\libcr_semihost.a(__sys_close.o)
                0x00005018                __sys_close
 .text.__sys_flen
                0x00005024        0xc c:/nxp/mcuxpressoide_10.2.1_795/ide/tools/bin/../lib/gcc/arm-none-eabi/7.2.1/../../../../arm-none-eabi/lib/thumb/v7-m\libcr_semihost.a(__sys_flen.o)
                0x00005024                __sys_flen
 .text.__sys_istty
                0x00005030        0xc c:/nxp/mcuxpressoide_10.2.1_795/ide/tools/bin/../lib/gcc/arm-none-eabi/7.2.1/../../../../arm-none-eabi/lib/thumb/v7-m\libcr_semihost.a(__sys_istty.o)
                0x00005030                __sys_istty
 .text.__sys_remove
                0x0000503c        0xc c:/nxp/mcuxpressoide_10.2.1_795/ide/tools/bin/../lib/gcc/arm-none-eabi/7.2.1/../../../../arm-none-eabi/lib/thumb/v7-m\libcr_semihost.a(__sys_remove.o)
                0x0000503c                __sys_remove
 .text.__sys_seek
                0x00005048        0xc c:/nxp/mcuxpressoide_10.2.1_795/ide/tools/bin/../lib/gcc/arm-none-eabi/7.2.1/../../../../arm-none-eabi/lib/thumb/v7-m\libcr_semihost.a(__sys_seek.o)
                0x00005048                __sys_seek
 .text.__sys_tmpnam
                0x00005054        0xc c:/nxp/mcuxpressoide_10.2.1_795/ide/tools/bin/../lib/gcc/arm-none-eabi/7.2.1/../../../../arm-none-eabi/lib/thumb/v7-m\libcr_semihost.a(__sys_tmpnam.o)
                0x00005054                __sys_tmpnam
 *(.rodata .rodata.* .constdata .constdata.*)
 .rodata        0x00005060       0xd4 ./src/linear_drive_control_system.o
 .rodata.FontSystem5x8
                0x00005134      0x1e5 ./src/oled.o
                0x00005134                FontSystem5x8
 *fill*         0x00005319        0x3 ff
 .rodata.OscRateIn
                0x0000531c        0x4 C:\Users\DELL\Desktop\Wbudowane\lpc_board_nxp_lpcxpresso_1347\Debug\liblpc_board_nxp_lpcxpresso_1347.a(board.o)
                0x0000531c                OscRateIn
 .rodata.pinmuxing
                0x00005320       0x30 C:\Users\DELL\Desktop\Wbudowane\lpc_board_nxp_lpcxpresso_1347\Debug\liblpc_board_nxp_lpcxpresso_1347.a(board_sysinit.o)
 .rodata.wdtOSCRate
                0x00005350       0x40 C:\Users\DELL\Desktop\Wbudowane\lpc_chip_13xx\Debug\liblpc_chip_13xx.a(clock_13xx.o)
 .rodata.fp_display.str1.1
                0x00005390       0x34 c:/nxp/mcuxpressoide_10.2.1_795/ide/tools/bin/../lib/gcc/arm-none-eabi/7.2.1/../../../../arm-none-eabi/lib/thumb/v7-m\libcr_c.a(fpprintf.o)
                                 0x35 (size before relaxing)
 .rodata._initio.str1.1
                0x000053c4        0x4 c:/nxp/mcuxpressoide_10.2.1_795/ide/tools/bin/../lib/gcc/arm-none-eabi/7.2.1/../../../../arm-none-eabi/lib/thumb/v7-m\libcr_c.a(initio.o)
 .rodata.__vfprintf.str1.1
                0x000053c8       0x31 c:/nxp/mcuxpressoide_10.2.1_795/ide/tools/bin/../lib/gcc/arm-none-eabi/7.2.1/../../../../arm-none-eabi/lib/thumb/v7-m\libcr_c.a(printf.o)
                                 0x38 (size before relaxing)
 .rodata._Csys_alloc.str1.1
                0x000053f9       0x18 c:/nxp/mcuxpressoide_10.2.1_795/ide/tools/bin/../lib/gcc/arm-none-eabi/7.2.1/../../../../arm-none-eabi/lib/thumb/v7-m\libcr_c.a(alloc.o)
 *fill*         0x00005411        0x7 ff
 .rodata.__huge_vall
                0x00005418        0x8 c:/nxp/mcuxpressoide_10.2.1_795/ide/tools/bin/../lib/gcc/arm-none-eabi/7.2.1/../../../../arm-none-eabi/lib/thumb/v7-m\libcr_c.a(_hugeval.o)
                0x00005418                __huge_vall
 .rodata.__num_Ciob_streams
                0x00005420        0x4 c:/nxp/mcuxpressoide_10.2.1_795/ide/tools/bin/../lib/gcc/arm-none-eabi/7.2.1/../../../../arm-none-eabi/lib/thumb/v7-m\libcr_semihost.a(__ciob.o)
                0x00005420                __num_Ciob_streams
                0x00005424                . = ALIGN (0x4)

.glue_7         0x00005424        0x0
 .glue_7        0x00005424        0x0 linker stubs

.glue_7t        0x00005424        0x0
 .glue_7t       0x00005424        0x0 linker stubs

.vfp11_veneer   0x00005424        0x0
 .vfp11_veneer  0x00005424        0x0 linker stubs

.v4_bx          0x00005424        0x0
 .v4_bx         0x00005424        0x0 linker stubs

.iplt           0x00005424        0x0
 .iplt          0x00005424        0x0 ./src/cr_startup_lpc13uxx.o

.rel.dyn        0x00005424        0x0
 .rel.iplt      0x00005424        0x0 ./src/cr_startup_lpc13uxx.o

.ARM.extab
 *(.ARM.extab* .gnu.linkonce.armextab.*)
                0x00005424                __exidx_start = .

.ARM.exidx
 *(.ARM.exidx* .gnu.linkonce.armexidx.*)
                0x00005424                __exidx_end = .
                0x00005424                _etext = .

.data_RAM2      0x20004000        0x0 load address 0x00005424
 FILL mask 0xff
                [!provide]                PROVIDE (__start_data_RAM2, .)
 *(.ramfunc.$RAM2)
 *(.ramfunc.$RamUsb2)
 *(.data.$RAM2*)
 *(.data.$RamUsb2*)
                0x20004000                . = ALIGN (0x4)
                [!provide]                PROVIDE (__end_data_RAM2, .)

.data_RAM3      0x20000000        0x0 load address 0x00005424
 FILL mask 0xff
                [!provide]                PROVIDE (__start_data_RAM3, .)
 *(.ramfunc.$RAM3)
 *(.ramfunc.$RamPeriph2)
 *(.data.$RAM3*)
 *(.data.$RamPeriph2*)
                0x20000000                . = ALIGN (0x4)
                [!provide]                PROVIDE (__end_data_RAM3, .)

.uninit_RESERVED
                0x10000000        0x0
 *(.bss.$RESERVED*)
                0x10000000                . = ALIGN (0x4)
                0x10000000                _end_uninit_RESERVED = .

.data           0x10000000       0x1c load address 0x00005424
 FILL mask 0xff
                0x10000000                _data = .
 *(vtable)
 *(.ramfunc*)
 *(.data*)
 .data.calibModes
                0x10000000        0x8 ./src/linear_drive_control_system.o
                0x10000000                calibModes
 .data.menuModes
                0x10000008        0xc ./src/linear_drive_control_system.o
                0x10000008                menuModes
 .data.manualModes
                0x10000014        0x8 ./src/linear_drive_control_system.o
                0x10000014                manualModes
                0x1000001c                . = ALIGN (0x4)
                0x1000001c                _edata = .

.igot.plt       0x1000001c        0x0 load address 0x00005440
 .igot.plt      0x1000001c        0x0 ./src/cr_startup_lpc13uxx.o

.bss_RAM2       0x20004000        0x0
                [!provide]                PROVIDE (__start_bss_RAM2, .)
 *(.bss.$RAM2*)
 *(.bss.$RamUsb2*)
                0x20004000                . = ALIGN ((. != 0x0)?0x4:0x1)
                [!provide]                PROVIDE (__end_bss_RAM2, .)

.bss_RAM3       0x20000000        0x0
                [!provide]                PROVIDE (__start_bss_RAM3, .)
 *(.bss.$RAM3*)
 *(.bss.$RamPeriph2*)
                0x20000000                . = ALIGN ((. != 0x0)?0x4:0x1)
                [!provide]                PROVIDE (__end_bss_RAM3, .)

.bss            0x1000001c      0x694
                0x1000001c                _bss = .
 *(.bss*)
 .bss.sbuffer   0x1000001c       0x1e ./src/linear_drive_control_system.o
                0x1000001c                sbuffer
 .bss.dataControl
                0x1000003a        0x1 ./src/linear_drive_control_system.o
                0x1000003a                dataControl
 *fill*         0x1000003b        0x1 
 .bss.motorPower
                0x1000003c        0x2 ./src/linear_drive_control_system.o
                0x1000003c                motorPower
 *fill*         0x1000003e        0x2 
 .bss.motorVelocity
                0x10000040        0x4 ./src/linear_drive_control_system.o
                0x10000040                motorVelocity
 .bss.run       0x10000044        0x1 ./src/linear_drive_control_system.o
                0x10000044                run
 *fill*         0x10000045        0x1 
 .bss.tdiv      0x10000046        0x2 ./src/linear_drive_control_system.o
                0x10000046                tdiv
 .bss.dataEncoder
                0x10000048        0x4 ./src/linear_drive_control_system.o
                0x10000048                dataEncoder
 .bss.dataEncoder_1
                0x1000004c        0x4 ./src/linear_drive_control_system.o
                0x1000004c                dataEncoder_1
 .bss.velCoef   0x10000050       0x24 ./src/linear_drive_control_system.o
                0x10000050                velCoef
 .bss.posCoef   0x10000074       0x24 ./src/linear_drive_control_system.o
                0x10000074                posCoef
 .bss.velU      0x10000098        0x4 ./src/linear_drive_control_system.o
                0x10000098                velU
 .bss.velE      0x1000009c        0x4 ./src/linear_drive_control_system.o
                0x1000009c                velE
 .bss.velX      0x100000a0        0x4 ./src/linear_drive_control_system.o
                0x100000a0                velX
 .bss.posU      0x100000a4        0x4 ./src/linear_drive_control_system.o
                0x100000a4                posU
 .bss.posE      0x100000a8        0x4 ./src/linear_drive_control_system.o
                0x100000a8                posE
 .bss.leftLimitStatus
                0x100000ac        0x1 ./src/linear_drive_control_system.o
                0x100000ac                leftLimitStatus
 .bss.rightLimitStatus
                0x100000ad        0x1 ./src/linear_drive_control_system.o
                0x100000ad                rightLimitStatus
 *fill*         0x100000ae        0x2 
 .bss.maxValOnRight
                0x100000b0        0x4 ./src/linear_drive_control_system.o
                0x100000b0                maxValOnRight
 .bss.newPosition
                0x100000b4        0x4 ./src/linear_drive_control_system.o
                0x100000b4                newPosition
 .bss.currentView
                0x100000b8        0x1 ./src/linear_drive_control_system.o
                0x100000b8                currentView
 .bss.moveLimit
                0x100000b9        0x1 ./src/linear_drive_control_system.o
                0x100000b9                moveLimit
 .bss.calibModeActive
                0x100000ba        0x1 ./src/linear_drive_control_system.o
                0x100000ba                calibModeActive
 .bss.menuModeActive
                0x100000bb        0x1 ./src/linear_drive_control_system.o
                0x100000bb                menuModeActive
 .bss.manualModeActive
                0x100000bc        0x1 ./src/linear_drive_control_system.o
                0x100000bc                manualModeActive
 *fill*         0x100000bd        0x3 
 .bss.s_chDispalyBuffer
                0x100000c0      0x400 ./src/oled.o
 .bss.errno     0x100004c0        0x4 c:/nxp/mcuxpressoide_10.2.1_795/ide/tools/bin/../lib/gcc/arm-none-eabi/7.2.1/../../../../arm-none-eabi/lib/thumb/v7-m\libcr_c.a(errno.o)
                0x100004c0                errno
 .bss.__end_of_heap
                0x100004c4        0x4 c:/nxp/mcuxpressoide_10.2.1_795/ide/tools/bin/../lib/gcc/arm-none-eabi/7.2.1/../../../../arm-none-eabi/lib/thumb/v7-m\libcr_c.a(__init_alloc.o)
                0x100004c4                __end_of_heap
 .bss.__heaps   0x100004c8        0x4 c:/nxp/mcuxpressoide_10.2.1_795/ide/tools/bin/../lib/gcc/arm-none-eabi/7.2.1/../../../../arm-none-eabi/lib/thumb/v7-m\libcr_c.a(__init_alloc.o)
                0x100004c8                __heaps
 .bss.__Ciob    0x100004cc      0x1e0 c:/nxp/mcuxpressoide_10.2.1_795/ide/tools/bin/../lib/gcc/arm-none-eabi/7.2.1/../../../../arm-none-eabi/lib/thumb/v7-m\libcr_semihost.a(__ciob.o)
                0x100004cc                __Ciob
 *(COMMON)
 COMMON         0x100006ac        0x4 C:\Users\DELL\Desktop\Wbudowane\lpc_chip_13xx\Debug\liblpc_chip_13xx.a(chip_13xx.o)
                0x100006ac                SystemCoreClock
                0x100006b0                . = ALIGN (0x4)
                0x100006b0                _ebss = .
                [!provide]                PROVIDE (end, .)

.noinit_RAM2    0x20004000        0x0
 *(.noinit.$RAM2*)
 *(.noinit.$RamUsb2*)
                0x20004000                . = ALIGN (0x4)

.noinit_RAM3    0x20000000        0x0
 *(.noinit.$RAM3*)
 *(.noinit.$RamPeriph2*)
                0x20000000                . = ALIGN (0x4)

.noinit         0x100006b0        0x0
                0x100006b0                _noinit = .
 *(.noinit*)
                0x100006b0                . = ALIGN (0x4)
                0x100006b0                _end_noinit = .
                0x100006b0                PROVIDE (_pvHeapStart, DEFINED (__user_heap_base)?__user_heap_base:.)
                0x10002000                PROVIDE (_vStackTop, DEFINED (__user_stack_top)?__user_stack_top:(__top_RamLoc8 - 0x0))
                0xefffd45e                PROVIDE (__valid_user_code_checksum, (0x0 - ((((((_vStackTop + (ResetISR + 0x1)) + (NMI_Handler + 0x1)) + (HardFault_Handler + 0x1)) + (DEFINED (MemManage_Handler)?MemManage_Handler:0x0 + 0x1)) + (DEFINED (BusFault_Handler)?BusFault_Handler:0x0 + 0x1)) + (DEFINED (UsageFault_Handler)?UsageFault_Handler:0x0 + 0x1))))
                0x00000000                _image_start = LOADADDR (.text)
                0x00005440                _image_end = (LOADADDR (.data) + SIZEOF (.data))
                0x00005440                _image_size = (_image_end - _image_start)
OUTPUT(linear_drive_control_system.axf elf32-littlearm)

.debug_info     0x00000000     0x788e
 .debug_info    0x00000000      0x274 ./src/cr_startup_lpc13uxx.o
 .debug_info    0x00000274       0x3f ./src/crp.o
 .debug_info    0x000002b3     0x16f0 ./src/linear_drive_control_system.o
 .debug_info    0x000019a3      0x8bd ./src/oled.o
 .debug_info    0x00002260      0x210 ./src/sysinit.o
 .debug_info    0x00002470      0x749 C:\Users\DELL\Desktop\Wbudowane\lpc_board_nxp_lpcxpresso_1347\Debug\liblpc_board_nxp_lpcxpresso_1347.a(board.o)
 .debug_info    0x00002bb9      0x8bf C:\Users\DELL\Desktop\Wbudowane\lpc_board_nxp_lpcxpresso_1347\Debug\liblpc_board_nxp_lpcxpresso_1347.a(board_sysinit.o)
 .debug_info    0x00003478      0x5f9 C:\Users\DELL\Desktop\Wbudowane\lpc_chip_13xx\Debug\liblpc_chip_13xx.a(chip_13xx.o)
 .debug_info    0x00003a71      0x933 C:\Users\DELL\Desktop\Wbudowane\lpc_chip_13xx\Debug\liblpc_chip_13xx.a(clock_13xx.o)
 .debug_info    0x000043a4      0x9a6 C:\Users\DELL\Desktop\Wbudowane\lpc_chip_13xx\Debug\liblpc_chip_13xx.a(gpio_13xx_1.o)
 .debug_info    0x00004d4a      0x1ba C:\Users\DELL\Desktop\Wbudowane\lpc_chip_13xx\Debug\liblpc_chip_13xx.a(iocon_13xx.o)
 .debug_info    0x00004f04     0x1116 C:\Users\DELL\Desktop\Wbudowane\lpc_chip_13xx\Debug\liblpc_chip_13xx.a(ssp_13xx.o)
 .debug_info    0x0000601a      0x5db C:\Users\DELL\Desktop\Wbudowane\lpc_chip_13xx\Debug\liblpc_chip_13xx.a(sysctl_13xx.o)
 .debug_info    0x000065f5      0x78b C:\Users\DELL\Desktop\Wbudowane\lpc_chip_13xx\Debug\liblpc_chip_13xx.a(sysinit_13xx.o)
 .debug_info    0x00006d80      0x87b C:\Users\DELL\Desktop\Wbudowane\lpc_chip_13xx\Debug\liblpc_chip_13xx.a(timer_13xx.o)
 .debug_info    0x000075fb      0x157 C:\Users\DELL\Desktop\Wbudowane\CMSIS_DSPLIB_CM3\lib\libCMSIS_DSPLIB_CM3.a(arm_pid_init_f32.o)
 .debug_info    0x00007752      0x13c C:\Users\DELL\Desktop\Wbudowane\CMSIS_DSPLIB_CM3\lib\libCMSIS_DSPLIB_CM3.a(arm_pid_reset_f32.o)

.debug_abbrev   0x00000000     0x1ac5
 .debug_abbrev  0x00000000      0x139 ./src/cr_startup_lpc13uxx.o
 .debug_abbrev  0x00000139       0x36 ./src/crp.o
 .debug_abbrev  0x0000016f      0x387 ./src/linear_drive_control_system.o
 .debug_abbrev  0x000004f6      0x29f ./src/oled.o
 .debug_abbrev  0x00000795       0xc7 ./src/sysinit.o
 .debug_abbrev  0x0000085c      0x23b C:\Users\DELL\Desktop\Wbudowane\lpc_board_nxp_lpcxpresso_1347\Debug\liblpc_board_nxp_lpcxpresso_1347.a(board.o)
 .debug_abbrev  0x00000a97      0x1c7 C:\Users\DELL\Desktop\Wbudowane\lpc_board_nxp_lpcxpresso_1347\Debug\liblpc_board_nxp_lpcxpresso_1347.a(board_sysinit.o)
 .debug_abbrev  0x00000c5e      0x14d C:\Users\DELL\Desktop\Wbudowane\lpc_chip_13xx\Debug\liblpc_chip_13xx.a(chip_13xx.o)
 .debug_abbrev  0x00000dab      0x1d0 C:\Users\DELL\Desktop\Wbudowane\lpc_chip_13xx\Debug\liblpc_chip_13xx.a(clock_13xx.o)
 .debug_abbrev  0x00000f7b      0x19d C:\Users\DELL\Desktop\Wbudowane\lpc_chip_13xx\Debug\liblpc_chip_13xx.a(gpio_13xx_1.o)
 .debug_abbrev  0x00001118       0xe5 C:\Users\DELL\Desktop\Wbudowane\lpc_chip_13xx\Debug\liblpc_chip_13xx.a(iocon_13xx.o)
 .debug_abbrev  0x000011fd      0x2ef C:\Users\DELL\Desktop\Wbudowane\lpc_chip_13xx\Debug\liblpc_chip_13xx.a(ssp_13xx.o)
 .debug_abbrev  0x000014ec      0x10c C:\Users\DELL\Desktop\Wbudowane\lpc_chip_13xx\Debug\liblpc_chip_13xx.a(sysctl_13xx.o)
 .debug_abbrev  0x000015f8      0x197 C:\Users\DELL\Desktop\Wbudowane\lpc_chip_13xx\Debug\liblpc_chip_13xx.a(sysinit_13xx.o)
 .debug_abbrev  0x0000178f      0x1cc C:\Users\DELL\Desktop\Wbudowane\lpc_chip_13xx\Debug\liblpc_chip_13xx.a(timer_13xx.o)
 .debug_abbrev  0x0000195b       0xc3 C:\Users\DELL\Desktop\Wbudowane\CMSIS_DSPLIB_CM3\lib\libCMSIS_DSPLIB_CM3.a(arm_pid_init_f32.o)
 .debug_abbrev  0x00001a1e       0xa7 C:\Users\DELL\Desktop\Wbudowane\CMSIS_DSPLIB_CM3\lib\libCMSIS_DSPLIB_CM3.a(arm_pid_reset_f32.o)

.debug_aranges  0x00000000      0x788
 .debug_aranges
                0x00000000       0x80 ./src/cr_startup_lpc13uxx.o
 .debug_aranges
                0x00000080       0x18 ./src/crp.o
 .debug_aranges
                0x00000098      0x170 ./src/linear_drive_control_system.o
 .debug_aranges
                0x00000208       0x90 ./src/oled.o
 .debug_aranges
                0x00000298       0x20 ./src/sysinit.o
 .debug_aranges
                0x000002b8       0xc0 C:\Users\DELL\Desktop\Wbudowane\lpc_board_nxp_lpcxpresso_1347\Debug\liblpc_board_nxp_lpcxpresso_1347.a(board.o)
 .debug_aranges
                0x00000378       0x48 C:\Users\DELL\Desktop\Wbudowane\lpc_board_nxp_lpcxpresso_1347\Debug\liblpc_board_nxp_lpcxpresso_1347.a(board_sysinit.o)
 .debug_aranges
                0x000003c0       0x38 C:\Users\DELL\Desktop\Wbudowane\lpc_chip_13xx\Debug\liblpc_chip_13xx.a(chip_13xx.o)
 .debug_aranges
                0x000003f8       0xa0 C:\Users\DELL\Desktop\Wbudowane\lpc_chip_13xx\Debug\liblpc_chip_13xx.a(clock_13xx.o)
 .debug_aranges
                0x00000498       0x78 C:\Users\DELL\Desktop\Wbudowane\lpc_chip_13xx\Debug\liblpc_chip_13xx.a(gpio_13xx_1.o)
 .debug_aranges
                0x00000510       0x20 C:\Users\DELL\Desktop\Wbudowane\lpc_chip_13xx\Debug\liblpc_chip_13xx.a(iocon_13xx.o)
 .debug_aranges
                0x00000530      0x140 C:\Users\DELL\Desktop\Wbudowane\lpc_chip_13xx\Debug\liblpc_chip_13xx.a(ssp_13xx.o)
 .debug_aranges
                0x00000670       0x38 C:\Users\DELL\Desktop\Wbudowane\lpc_chip_13xx\Debug\liblpc_chip_13xx.a(sysctl_13xx.o)
 .debug_aranges
                0x000006a8       0x50 C:\Users\DELL\Desktop\Wbudowane\lpc_chip_13xx\Debug\liblpc_chip_13xx.a(sysinit_13xx.o)
 .debug_aranges
                0x000006f8       0x50 C:\Users\DELL\Desktop\Wbudowane\lpc_chip_13xx\Debug\liblpc_chip_13xx.a(timer_13xx.o)
 .debug_aranges
                0x00000748       0x20 C:\Users\DELL\Desktop\Wbudowane\CMSIS_DSPLIB_CM3\lib\libCMSIS_DSPLIB_CM3.a(arm_pid_init_f32.o)
 .debug_aranges
                0x00000768       0x20 C:\Users\DELL\Desktop\Wbudowane\CMSIS_DSPLIB_CM3\lib\libCMSIS_DSPLIB_CM3.a(arm_pid_reset_f32.o)

.debug_ranges   0x00000000      0x670
 .debug_ranges  0x00000000       0x70 ./src/cr_startup_lpc13uxx.o
 .debug_ranges  0x00000070      0x160 ./src/linear_drive_control_system.o
 .debug_ranges  0x000001d0       0x80 ./src/oled.o
 .debug_ranges  0x00000250       0x10 ./src/sysinit.o
 .debug_ranges  0x00000260       0xb0 C:\Users\DELL\Desktop\Wbudowane\lpc_board_nxp_lpcxpresso_1347\Debug\liblpc_board_nxp_lpcxpresso_1347.a(board.o)
 .debug_ranges  0x00000310       0x38 C:\Users\DELL\Desktop\Wbudowane\lpc_board_nxp_lpcxpresso_1347\Debug\liblpc_board_nxp_lpcxpresso_1347.a(board_sysinit.o)
 .debug_ranges  0x00000348       0x28 C:\Users\DELL\Desktop\Wbudowane\lpc_chip_13xx\Debug\liblpc_chip_13xx.a(chip_13xx.o)
 .debug_ranges  0x00000370       0x90 C:\Users\DELL\Desktop\Wbudowane\lpc_chip_13xx\Debug\liblpc_chip_13xx.a(clock_13xx.o)
 .debug_ranges  0x00000400       0x68 C:\Users\DELL\Desktop\Wbudowane\lpc_chip_13xx\Debug\liblpc_chip_13xx.a(gpio_13xx_1.o)
 .debug_ranges  0x00000468       0x10 C:\Users\DELL\Desktop\Wbudowane\lpc_chip_13xx\Debug\liblpc_chip_13xx.a(iocon_13xx.o)
 .debug_ranges  0x00000478      0x130 C:\Users\DELL\Desktop\Wbudowane\lpc_chip_13xx\Debug\liblpc_chip_13xx.a(ssp_13xx.o)
 .debug_ranges  0x000005a8       0x28 C:\Users\DELL\Desktop\Wbudowane\lpc_chip_13xx\Debug\liblpc_chip_13xx.a(sysctl_13xx.o)
 .debug_ranges  0x000005d0       0x40 C:\Users\DELL\Desktop\Wbudowane\lpc_chip_13xx\Debug\liblpc_chip_13xx.a(sysinit_13xx.o)
 .debug_ranges  0x00000610       0x40 C:\Users\DELL\Desktop\Wbudowane\lpc_chip_13xx\Debug\liblpc_chip_13xx.a(timer_13xx.o)
 .debug_ranges  0x00000650       0x10 C:\Users\DELL\Desktop\Wbudowane\CMSIS_DSPLIB_CM3\lib\libCMSIS_DSPLIB_CM3.a(arm_pid_init_f32.o)
 .debug_ranges  0x00000660       0x10 C:\Users\DELL\Desktop\Wbudowane\CMSIS_DSPLIB_CM3\lib\libCMSIS_DSPLIB_CM3.a(arm_pid_reset_f32.o)

.debug_macro    0x00000000     0x4d29
 .debug_macro   0x00000000       0x1d ./src/cr_startup_lpc13uxx.o
 .debug_macro   0x0000001d      0xa72 ./src/cr_startup_lpc13uxx.o
 .debug_macro   0x00000a8f       0x1a ./src/crp.o
 .debug_macro   0x00000aa9       0x34 ./src/crp.o
 .debug_macro   0x00000add      0x29d ./src/linear_drive_control_system.o
 .debug_macro   0x00000d7a       0x10 ./src/linear_drive_control_system.o
 .debug_macro   0x00000d8a      0x12d ./src/linear_drive_control_system.o
 .debug_macro   0x00000eb7      0x5b2 ./src/linear_drive_control_system.o
 .debug_macro   0x00001469       0x22 ./src/linear_drive_control_system.o
 .debug_macro   0x0000148b       0x7b ./src/linear_drive_control_system.o
 .debug_macro   0x00001506       0x10 ./src/linear_drive_control_system.o
 .debug_macro   0x00001516       0x26 ./src/linear_drive_control_system.o
 .debug_macro   0x0000153c       0x3a ./src/linear_drive_control_system.o
 .debug_macro   0x00001576       0x2d ./src/linear_drive_control_system.o
 .debug_macro   0x000015a3      0xa7d ./src/linear_drive_control_system.o
 .debug_macro   0x00002020      0x10f ./src/linear_drive_control_system.o
 .debug_macro   0x0000212f       0xf1 ./src/linear_drive_control_system.o
 .debug_macro   0x00002220       0x10 ./src/linear_drive_control_system.o
 .debug_macro   0x00002230      0x145 ./src/linear_drive_control_system.o
 .debug_macro   0x00002375       0x88 ./src/linear_drive_control_system.o
 .debug_macro   0x000023fd      0x21b ./src/linear_drive_control_system.o
 .debug_macro   0x00002618       0x40 ./src/linear_drive_control_system.o
 .debug_macro   0x00002658       0x3a ./src/linear_drive_control_system.o
 .debug_macro   0x00002692       0xb9 ./src/linear_drive_control_system.o
 .debug_macro   0x0000274b       0x4c ./src/linear_drive_control_system.o
 .debug_macro   0x00002797       0x16 ./src/linear_drive_control_system.o
 .debug_macro   0x000027ad      0x31a ./src/linear_drive_control_system.o
 .debug_macro   0x00002ac7       0x5b ./src/linear_drive_control_system.o
 .debug_macro   0x00002b22       0x2e ./src/linear_drive_control_system.o
 .debug_macro   0x00002b50       0x1c ./src/linear_drive_control_system.o
 .debug_macro   0x00002b6c       0x22 ./src/linear_drive_control_system.o
 .debug_macro   0x00002b8e       0x18 ./src/linear_drive_control_system.o
 .debug_macro   0x00002ba6       0x40 ./src/linear_drive_control_system.o
 .debug_macro   0x00002be6       0x3a ./src/linear_drive_control_system.o
 .debug_macro   0x00002c20       0x9a ./src/linear_drive_control_system.o
 .debug_macro   0x00002cba       0x20 ./src/linear_drive_control_system.o
 .debug_macro   0x00002cda       0x82 ./src/linear_drive_control_system.o
 .debug_macro   0x00002d5c       0x10 ./src/linear_drive_control_system.o
 .debug_macro   0x00002d6c       0x12 ./src/linear_drive_control_system.o
 .debug_macro   0x00002d7e       0xc4 ./src/linear_drive_control_system.o
 .debug_macro   0x00002e42       0xb3 ./src/linear_drive_control_system.o
 .debug_macro   0x00002ef5       0x22 ./src/linear_drive_control_system.o
 .debug_macro   0x00002f17       0x76 ./src/linear_drive_control_system.o
 .debug_macro   0x00002f8d      0x19e ./src/oled.o
 .debug_macro   0x0000312b      0x1b2 ./src/sysinit.o
 .debug_macro   0x000032dd      0x20a C:\Users\DELL\Desktop\Wbudowane\lpc_board_nxp_lpcxpresso_1347\Debug\liblpc_board_nxp_lpcxpresso_1347.a(board.o)
 .debug_macro   0x000034e7      0xa66 C:\Users\DELL\Desktop\Wbudowane\lpc_board_nxp_lpcxpresso_1347\Debug\liblpc_board_nxp_lpcxpresso_1347.a(board.o)
 .debug_macro   0x00003f4d       0x12 C:\Users\DELL\Desktop\Wbudowane\lpc_board_nxp_lpcxpresso_1347\Debug\liblpc_board_nxp_lpcxpresso_1347.a(board.o)
 .debug_macro   0x00003f5f      0x1c0 C:\Users\DELL\Desktop\Wbudowane\lpc_board_nxp_lpcxpresso_1347\Debug\liblpc_board_nxp_lpcxpresso_1347.a(board_sysinit.o)
 .debug_macro   0x0000411f      0x17c C:\Users\DELL\Desktop\Wbudowane\lpc_chip_13xx\Debug\liblpc_chip_13xx.a(chip_13xx.o)
 .debug_macro   0x0000429b      0x17c C:\Users\DELL\Desktop\Wbudowane\lpc_chip_13xx\Debug\liblpc_chip_13xx.a(clock_13xx.o)
 .debug_macro   0x00004417      0x17c C:\Users\DELL\Desktop\Wbudowane\lpc_chip_13xx\Debug\liblpc_chip_13xx.a(gpio_13xx_1.o)
 .debug_macro   0x00004593      0x17c C:\Users\DELL\Desktop\Wbudowane\lpc_chip_13xx\Debug\liblpc_chip_13xx.a(iocon_13xx.o)
 .debug_macro   0x0000470f      0x17c C:\Users\DELL\Desktop\Wbudowane\lpc_chip_13xx\Debug\liblpc_chip_13xx.a(ssp_13xx.o)
 .debug_macro   0x0000488b      0x1a6 C:\Users\DELL\Desktop\Wbudowane\lpc_chip_13xx\Debug\liblpc_chip_13xx.a(sysctl_13xx.o)
 .debug_macro   0x00004a31      0x17c C:\Users\DELL\Desktop\Wbudowane\lpc_chip_13xx\Debug\liblpc_chip_13xx.a(sysinit_13xx.o)
 .debug_macro   0x00004bad      0x17c C:\Users\DELL\Desktop\Wbudowane\lpc_chip_13xx\Debug\liblpc_chip_13xx.a(timer_13xx.o)

.debug_line     0x00000000     0x44ed
 .debug_line    0x00000000       0xd5 ./src/cr_startup_lpc13uxx.o
 .debug_line    0x000000d5       0x79 ./src/crp.o
 .debug_line    0x0000014e      0xa06 ./src/linear_drive_control_system.o
 .debug_line    0x00000b54      0x596 ./src/oled.o
 .debug_line    0x000010ea      0x35d ./src/sysinit.o
 .debug_line    0x00001447      0x527 C:\Users\DELL\Desktop\Wbudowane\lpc_board_nxp_lpcxpresso_1347\Debug\liblpc_board_nxp_lpcxpresso_1347.a(board.o)
 .debug_line    0x0000196e      0x3e9 C:\Users\DELL\Desktop\Wbudowane\lpc_board_nxp_lpcxpresso_1347\Debug\liblpc_board_nxp_lpcxpresso_1347.a(board_sysinit.o)
 .debug_line    0x00001d57      0x33d C:\Users\DELL\Desktop\Wbudowane\lpc_chip_13xx\Debug\liblpc_chip_13xx.a(chip_13xx.o)
 .debug_line    0x00002094      0x459 C:\Users\DELL\Desktop\Wbudowane\lpc_chip_13xx\Debug\liblpc_chip_13xx.a(clock_13xx.o)
 .debug_line    0x000024ed      0x3e3 C:\Users\DELL\Desktop\Wbudowane\lpc_chip_13xx\Debug\liblpc_chip_13xx.a(gpio_13xx_1.o)
 .debug_line    0x000028d0      0x2fc C:\Users\DELL\Desktop\Wbudowane\lpc_chip_13xx\Debug\liblpc_chip_13xx.a(iocon_13xx.o)
 .debug_line    0x00002bcc      0x733 C:\Users\DELL\Desktop\Wbudowane\lpc_chip_13xx\Debug\liblpc_chip_13xx.a(ssp_13xx.o)
 .debug_line    0x000032ff      0x335 C:\Users\DELL\Desktop\Wbudowane\lpc_chip_13xx\Debug\liblpc_chip_13xx.a(sysctl_13xx.o)
 .debug_line    0x00003634      0x39c C:\Users\DELL\Desktop\Wbudowane\lpc_chip_13xx\Debug\liblpc_chip_13xx.a(sysinit_13xx.o)
 .debug_line    0x000039d0      0x386 C:\Users\DELL\Desktop\Wbudowane\lpc_chip_13xx\Debug\liblpc_chip_13xx.a(timer_13xx.o)
 .debug_line    0x00003d56      0x3d0 C:\Users\DELL\Desktop\Wbudowane\CMSIS_DSPLIB_CM3\lib\libCMSIS_DSPLIB_CM3.a(arm_pid_init_f32.o)
 .debug_line    0x00004126      0x3c7 C:\Users\DELL\Desktop\Wbudowane\CMSIS_DSPLIB_CM3\lib\libCMSIS_DSPLIB_CM3.a(arm_pid_reset_f32.o)

.debug_str      0x00000000     0xfe21
 .debug_str     0x00000000     0x2f16 ./src/cr_startup_lpc13uxx.o
                               0x2f29 (size before relaxing)
 .debug_str     0x00002f16       0xe9 ./src/crp.o
                               0x2e2c (size before relaxing)
 .debug_str     0x00002fff     0xb389 ./src/linear_drive_control_system.o
                               0xe1f9 (size before relaxing)
 .debug_str     0x0000e388      0x3bd ./src/oled.o
                               0xc454 (size before relaxing)
 .debug_str     0x0000e745       0x11 ./src/sysinit.o
                               0xc05c (size before relaxing)
 .debug_str     0x0000e756      0x40b C:\Users\DELL\Desktop\Wbudowane\lpc_board_nxp_lpcxpresso_1347\Debug\liblpc_board_nxp_lpcxpresso_1347.a(board.o)
                               0xc3bd (size before relaxing)
 .debug_str     0x0000eb61      0x133 C:\Users\DELL\Desktop\Wbudowane\lpc_board_nxp_lpcxpresso_1347\Debug\liblpc_board_nxp_lpcxpresso_1347.a(board_sysinit.o)
                               0xc64b (size before relaxing)
 .debug_str     0x0000ec94      0x169 C:\Users\DELL\Desktop\Wbudowane\lpc_chip_13xx\Debug\liblpc_chip_13xx.a(chip_13xx.o)
                               0xbfd7 (size before relaxing)
 .debug_str     0x0000edfd      0x4a3 C:\Users\DELL\Desktop\Wbudowane\lpc_chip_13xx\Debug\liblpc_chip_13xx.a(clock_13xx.o)
                               0xc405 (size before relaxing)
 .debug_str     0x0000f2a0      0x132 C:\Users\DELL\Desktop\Wbudowane\lpc_chip_13xx\Debug\liblpc_chip_13xx.a(gpio_13xx_1.o)
                               0xc26e (size before relaxing)
 .debug_str     0x0000f3d2       0x29 C:\Users\DELL\Desktop\Wbudowane\lpc_chip_13xx\Debug\liblpc_chip_13xx.a(iocon_13xx.o)
                               0xbc73 (size before relaxing)
 .debug_str     0x0000f3fb      0x4f1 C:\Users\DELL\Desktop\Wbudowane\lpc_chip_13xx\Debug\liblpc_chip_13xx.a(ssp_13xx.o)
                               0xc8f4 (size before relaxing)
 .debug_str     0x0000f8ec      0x19f C:\Users\DELL\Desktop\Wbudowane\lpc_chip_13xx\Debug\liblpc_chip_13xx.a(sysctl_13xx.o)
                               0xc039 (size before relaxing)
 .debug_str     0x0000fa8b      0x143 C:\Users\DELL\Desktop\Wbudowane\lpc_chip_13xx\Debug\liblpc_chip_13xx.a(sysinit_13xx.o)
                               0xc0df (size before relaxing)
 .debug_str     0x0000fbce      0x122 C:\Users\DELL\Desktop\Wbudowane\lpc_chip_13xx\Debug\liblpc_chip_13xx.a(timer_13xx.o)
                               0xc286 (size before relaxing)
 .debug_str     0x0000fcf0       0xe8 C:\Users\DELL\Desktop\Wbudowane\CMSIS_DSPLIB_CM3\lib\libCMSIS_DSPLIB_CM3.a(arm_pid_init_f32.o)
                                0x194 (size before relaxing)
 .debug_str     0x0000fdd8       0x49 C:\Users\DELL\Desktop\Wbudowane\CMSIS_DSPLIB_CM3\lib\libCMSIS_DSPLIB_CM3.a(arm_pid_reset_f32.o)
                                0x17f (size before relaxing)

.comment        0x00000000       0xee
 .comment       0x00000000       0x7e ./src/cr_startup_lpc13uxx.o
                                 0x7f (size before relaxing)
 .comment       0x0000007e       0x7f ./src/crp.o
 .comment       0x0000007e       0x7f ./src/linear_drive_control_system.o
 .comment       0x0000007e       0x7f ./src/oled.o
 .comment       0x0000007e       0x7f ./src/sysinit.o
 .comment       0x0000007e       0x7f C:\Users\DELL\Desktop\Wbudowane\lpc_board_nxp_lpcxpresso_1347\Debug\liblpc_board_nxp_lpcxpresso_1347.a(board.o)
 .comment       0x0000007e       0x7f C:\Users\DELL\Desktop\Wbudowane\lpc_board_nxp_lpcxpresso_1347\Debug\liblpc_board_nxp_lpcxpresso_1347.a(board_sysinit.o)
 .comment       0x0000007e       0x7f C:\Users\DELL\Desktop\Wbudowane\lpc_chip_13xx\Debug\liblpc_chip_13xx.a(chip_13xx.o)
 .comment       0x0000007e       0x7f C:\Users\DELL\Desktop\Wbudowane\lpc_chip_13xx\Debug\liblpc_chip_13xx.a(clock_13xx.o)
 .comment       0x0000007e       0x7f C:\Users\DELL\Desktop\Wbudowane\lpc_chip_13xx\Debug\liblpc_chip_13xx.a(gpio_13xx_1.o)
 .comment       0x0000007e       0x7f C:\Users\DELL\Desktop\Wbudowane\lpc_chip_13xx\Debug\liblpc_chip_13xx.a(iocon_13xx.o)
 .comment       0x0000007e       0x7f C:\Users\DELL\Desktop\Wbudowane\lpc_chip_13xx\Debug\liblpc_chip_13xx.a(ssp_13xx.o)
 .comment       0x0000007e       0x7f C:\Users\DELL\Desktop\Wbudowane\lpc_chip_13xx\Debug\liblpc_chip_13xx.a(sysctl_13xx.o)
 .comment       0x0000007e       0x7f C:\Users\DELL\Desktop\Wbudowane\lpc_chip_13xx\Debug\liblpc_chip_13xx.a(sysinit_13xx.o)
 .comment       0x0000007e       0x7f C:\Users\DELL\Desktop\Wbudowane\lpc_chip_13xx\Debug\liblpc_chip_13xx.a(timer_13xx.o)
 .comment       0x0000007e       0x70 C:\Users\DELL\Desktop\Wbudowane\CMSIS_DSPLIB_CM3\lib\libCMSIS_DSPLIB_CM3.a(arm_pid_init_f32.o)
                                 0x71 (size before relaxing)
 .comment       0x000000ee       0x71 C:\Users\DELL\Desktop\Wbudowane\CMSIS_DSPLIB_CM3\lib\libCMSIS_DSPLIB_CM3.a(arm_pid_reset_f32.o)
 .comment       0x000000ee       0x7f c:/nxp/mcuxpressoide_10.2.1_795/ide/tools/bin/../lib/gcc/arm-none-eabi/7.2.1/../../../../arm-none-eabi/lib/thumb/v7-m\libcr_semihost.a(_cr__main.o)
 .comment       0x000000ee       0x7f c:/nxp/mcuxpressoide_10.2.1_795/ide/tools/bin/../lib/gcc/arm-none-eabi/7.2.1/../../../../arm-none-eabi/lib/thumb/v7-m\libcr_c.a(memset.o)
 .comment       0x000000ee       0x7f c:/nxp/mcuxpressoide_10.2.1_795/ide/tools/bin/../lib/gcc/arm-none-eabi/7.2.1/../../../../arm-none-eabi/lib/thumb/v7-m\libcr_c.a(fpprintf.o)
 .comment       0x000000ee       0x7f c:/nxp/mcuxpressoide_10.2.1_795/ide/tools/bin/../lib/gcc/arm-none-eabi/7.2.1/../../../../arm-none-eabi/lib/thumb/v7-m\libcr_c.a(initio.o)
 .comment       0x000000ee       0x7f c:/nxp/mcuxpressoide_10.2.1_795/ide/tools/bin/../lib/gcc/arm-none-eabi/7.2.1/../../../../arm-none-eabi/lib/thumb/v7-m\libcr_c.a(printf.o)
 .comment       0x000000ee       0x7f c:/nxp/mcuxpressoide_10.2.1_795/ide/tools/bin/../lib/gcc/arm-none-eabi/7.2.1/../../../../arm-none-eabi/lib/thumb/v7-m\libcr_c.a(setvbuf.o)
 .comment       0x000000ee       0x7f c:/nxp/mcuxpressoide_10.2.1_795/ide/tools/bin/../lib/gcc/arm-none-eabi/7.2.1/../../../../arm-none-eabi/lib/thumb/v7-m\libcr_c.a(stdlib.o)
 .comment       0x000000ee       0x7f c:/nxp/mcuxpressoide_10.2.1_795/ide/tools/bin/../lib/gcc/arm-none-eabi/7.2.1/../../../../arm-none-eabi/lib/thumb/v7-m\libcr_c.a(strlen.o)
 .comment       0x000000ee       0x7f c:/nxp/mcuxpressoide_10.2.1_795/ide/tools/bin/../lib/gcc/arm-none-eabi/7.2.1/../../../../arm-none-eabi/lib/thumb/v7-m\libcr_c.a(_deferredlazyseek.o)
 .comment       0x000000ee       0x7f c:/nxp/mcuxpressoide_10.2.1_795/ide/tools/bin/../lib/gcc/arm-none-eabi/7.2.1/../../../../arm-none-eabi/lib/thumb/v7-m\libcr_c.a(_fdopen.o)
 .comment       0x000000ee       0x7f c:/nxp/mcuxpressoide_10.2.1_795/ide/tools/bin/../lib/gcc/arm-none-eabi/7.2.1/../../../../arm-none-eabi/lib/thumb/v7-m\libcr_c.a(_fflush.o)
 .comment       0x000000ee       0x7f c:/nxp/mcuxpressoide_10.2.1_795/ide/tools/bin/../lib/gcc/arm-none-eabi/7.2.1/../../../../arm-none-eabi/lib/thumb/v7-m\libcr_c.a(_frexpl.o)
 .comment       0x000000ee       0x7f c:/nxp/mcuxpressoide_10.2.1_795/ide/tools/bin/../lib/gcc/arm-none-eabi/7.2.1/../../../../arm-none-eabi/lib/thumb/v7-m\libcr_c.a(_ldexpl.o)
 .comment       0x000000ee       0x7f c:/nxp/mcuxpressoide_10.2.1_795/ide/tools/bin/../lib/gcc/arm-none-eabi/7.2.1/../../../../arm-none-eabi/lib/thumb/v7-m\libcr_c.a(_writebuf.o)
 .comment       0x000000ee       0x7f c:/nxp/mcuxpressoide_10.2.1_795/ide/tools/bin/../lib/gcc/arm-none-eabi/7.2.1/../../../../arm-none-eabi/lib/thumb/v7-m\libcr_c.a(alloc.o)
 .comment       0x000000ee       0x7f c:/nxp/mcuxpressoide_10.2.1_795/ide/tools/bin/../lib/gcc/arm-none-eabi/7.2.1/../../../../arm-none-eabi/lib/thumb/v7-m\libcr_c.a(errno.o)
 .comment       0x000000ee       0x7f c:/nxp/mcuxpressoide_10.2.1_795/ide/tools/bin/../lib/gcc/arm-none-eabi/7.2.1/../../../../arm-none-eabi/lib/thumb/v7-m\libcr_c.a(fclose.o)
 .comment       0x000000ee       0x7f c:/nxp/mcuxpressoide_10.2.1_795/ide/tools/bin/../lib/gcc/arm-none-eabi/7.2.1/../../../../arm-none-eabi/lib/thumb/v7-m\libcr_c.a(fflush.o)
 .comment       0x000000ee       0x7f c:/nxp/mcuxpressoide_10.2.1_795/ide/tools/bin/../lib/gcc/arm-none-eabi/7.2.1/../../../../arm-none-eabi/lib/thumb/v7-m\libcr_c.a(fseek.o)
 .comment       0x000000ee       0x7f c:/nxp/mcuxpressoide_10.2.1_795/ide/tools/bin/../lib/gcc/arm-none-eabi/7.2.1/../../../../arm-none-eabi/lib/thumb/v7-m\libcr_c.a(ftell.o)
 .comment       0x000000ee       0x7f c:/nxp/mcuxpressoide_10.2.1_795/ide/tools/bin/../lib/gcc/arm-none-eabi/7.2.1/../../../../arm-none-eabi/lib/thumb/v7-m\libcr_c.a(remove.o)
 .comment       0x000000ee       0x7f c:/nxp/mcuxpressoide_10.2.1_795/ide/tools/bin/../lib/gcc/arm-none-eabi/7.2.1/../../../../arm-none-eabi/lib/thumb/v7-m\libcr_c.a(__init_alloc.o)
 .comment       0x000000ee       0x7f c:/nxp/mcuxpressoide_10.2.1_795/ide/tools/bin/../lib/gcc/arm-none-eabi/7.2.1/../../../../arm-none-eabi/lib/thumb/v7-m\libcr_c.a(_cr_sbrk.o)
 .comment       0x000000ee       0x7f c:/nxp/mcuxpressoide_10.2.1_795/ide/tools/bin/../lib/gcc/arm-none-eabi/7.2.1/../../../../arm-none-eabi/lib/thumb/v7-m\libcr_c.a(_do_fflush.o)
 .comment       0x000000ee       0x7f c:/nxp/mcuxpressoide_10.2.1_795/ide/tools/bin/../lib/gcc/arm-none-eabi/7.2.1/../../../../arm-none-eabi/lib/thumb/v7-m\libcr_c.a(_hugeval.o)
 .comment       0x000000ee       0x7f c:/nxp/mcuxpressoide_10.2.1_795/ide/tools/bin/../lib/gcc/arm-none-eabi/7.2.1/../../../../arm-none-eabi/lib/thumb/v7-m\libcr_c.a(_cr_check_heap.o)
 .comment       0x000000ee       0x7f c:/nxp/mcuxpressoide_10.2.1_795/ide/tools/bin/../lib/gcc/arm-none-eabi/7.2.1/thumb/v7-m\libcr_eabihelpers.a(double.o)
 .comment       0x000000ee       0x7f c:/nxp/mcuxpressoide_10.2.1_795/ide/tools/bin/../lib/gcc/arm-none-eabi/7.2.1/thumb/v7-m\libcr_eabihelpers.a(float.o)
 .comment       0x000000ee       0x7f c:/nxp/mcuxpressoide_10.2.1_795/ide/tools/bin/../lib/gcc/arm-none-eabi/7.2.1/../../../../arm-none-eabi/lib/thumb/v7-m\libcr_semihost.a(__ciob.o)

.ARM.attributes
                0x00000000       0x31
 .ARM.attributes
                0x00000000       0x33 ./src/cr_startup_lpc13uxx.o
 .ARM.attributes
                0x00000033       0x33 ./src/crp.o
 .ARM.attributes
                0x00000066       0x33 ./src/linear_drive_control_system.o
 .ARM.attributes
                0x00000099       0x33 ./src/oled.o
 .ARM.attributes
                0x000000cc       0x33 ./src/sysinit.o
 .ARM.attributes
                0x000000ff       0x33 C:\Users\DELL\Desktop\Wbudowane\lpc_board_nxp_lpcxpresso_1347\Debug\liblpc_board_nxp_lpcxpresso_1347.a(board.o)
 .ARM.attributes
                0x00000132       0x33 C:\Users\DELL\Desktop\Wbudowane\lpc_board_nxp_lpcxpresso_1347\Debug\liblpc_board_nxp_lpcxpresso_1347.a(board_sysinit.o)
 .ARM.attributes
                0x00000165       0x33 C:\Users\DELL\Desktop\Wbudowane\lpc_chip_13xx\Debug\liblpc_chip_13xx.a(chip_13xx.o)
 .ARM.attributes
                0x00000198       0x33 C:\Users\DELL\Desktop\Wbudowane\lpc_chip_13xx\Debug\liblpc_chip_13xx.a(clock_13xx.o)
 .ARM.attributes
                0x000001cb       0x33 C:\Users\DELL\Desktop\Wbudowane\lpc_chip_13xx\Debug\liblpc_chip_13xx.a(gpio_13xx_1.o)
 .ARM.attributes
                0x000001fe       0x33 C:\Users\DELL\Desktop\Wbudowane\lpc_chip_13xx\Debug\liblpc_chip_13xx.a(iocon_13xx.o)
 .ARM.attributes
                0x00000231       0x33 C:\Users\DELL\Desktop\Wbudowane\lpc_chip_13xx\Debug\liblpc_chip_13xx.a(ssp_13xx.o)
 .ARM.attributes
                0x00000264       0x33 C:\Users\DELL\Desktop\Wbudowane\lpc_chip_13xx\Debug\liblpc_chip_13xx.a(sysctl_13xx.o)
 .ARM.attributes
                0x00000297       0x33 C:\Users\DELL\Desktop\Wbudowane\lpc_chip_13xx\Debug\liblpc_chip_13xx.a(sysinit_13xx.o)
 .ARM.attributes
                0x000002ca       0x33 C:\Users\DELL\Desktop\Wbudowane\lpc_chip_13xx\Debug\liblpc_chip_13xx.a(timer_13xx.o)
 .ARM.attributes
                0x000002fd       0x33 C:\Users\DELL\Desktop\Wbudowane\CMSIS_DSPLIB_CM3\lib\libCMSIS_DSPLIB_CM3.a(arm_pid_init_f32.o)
 .ARM.attributes
                0x00000330       0x33 C:\Users\DELL\Desktop\Wbudowane\CMSIS_DSPLIB_CM3\lib\libCMSIS_DSPLIB_CM3.a(arm_pid_reset_f32.o)
 .ARM.attributes
                0x00000363       0x33 c:/nxp/mcuxpressoide_10.2.1_795/ide/tools/bin/../lib/gcc/arm-none-eabi/7.2.1/../../../../arm-none-eabi/lib/thumb/v7-m\libcr_semihost.a(_cr__main.o)
 .ARM.attributes
                0x00000396       0x33 c:/nxp/mcuxpressoide_10.2.1_795/ide/tools/bin/../lib/gcc/arm-none-eabi/7.2.1/../../../../arm-none-eabi/lib/thumb/v7-m\libcr_c.a(memset.o)
 .ARM.attributes
                0x000003c9       0x33 c:/nxp/mcuxpressoide_10.2.1_795/ide/tools/bin/../lib/gcc/arm-none-eabi/7.2.1/../../../../arm-none-eabi/lib/thumb/v7-m\libcr_c.a(fpprintf.o)
 .ARM.attributes
                0x000003fc       0x33 c:/nxp/mcuxpressoide_10.2.1_795/ide/tools/bin/../lib/gcc/arm-none-eabi/7.2.1/../../../../arm-none-eabi/lib/thumb/v7-m\libcr_c.a(initio.o)
 .ARM.attributes
                0x0000042f       0x33 c:/nxp/mcuxpressoide_10.2.1_795/ide/tools/bin/../lib/gcc/arm-none-eabi/7.2.1/../../../../arm-none-eabi/lib/thumb/v7-m\libcr_c.a(printf.o)
 .ARM.attributes
                0x00000462       0x33 c:/nxp/mcuxpressoide_10.2.1_795/ide/tools/bin/../lib/gcc/arm-none-eabi/7.2.1/../../../../arm-none-eabi/lib/thumb/v7-m\libcr_c.a(setvbuf.o)
 .ARM.attributes
                0x00000495       0x33 c:/nxp/mcuxpressoide_10.2.1_795/ide/tools/bin/../lib/gcc/arm-none-eabi/7.2.1/../../../../arm-none-eabi/lib/thumb/v7-m\libcr_c.a(stdlib.o)
 .ARM.attributes
                0x000004c8       0x33 c:/nxp/mcuxpressoide_10.2.1_795/ide/tools/bin/../lib/gcc/arm-none-eabi/7.2.1/../../../../arm-none-eabi/lib/thumb/v7-m\libcr_c.a(strlen.o)
 .ARM.attributes
                0x000004fb       0x33 c:/nxp/mcuxpressoide_10.2.1_795/ide/tools/bin/../lib/gcc/arm-none-eabi/7.2.1/../../../../arm-none-eabi/lib/thumb/v7-m\libcr_c.a(_deferredlazyseek.o)
 .ARM.attributes
                0x0000052e       0x33 c:/nxp/mcuxpressoide_10.2.1_795/ide/tools/bin/../lib/gcc/arm-none-eabi/7.2.1/../../../../arm-none-eabi/lib/thumb/v7-m\libcr_c.a(_fdopen.o)
 .ARM.attributes
                0x00000561       0x33 c:/nxp/mcuxpressoide_10.2.1_795/ide/tools/bin/../lib/gcc/arm-none-eabi/7.2.1/../../../../arm-none-eabi/lib/thumb/v7-m\libcr_c.a(_fflush.o)
 .ARM.attributes
                0x00000594       0x33 c:/nxp/mcuxpressoide_10.2.1_795/ide/tools/bin/../lib/gcc/arm-none-eabi/7.2.1/../../../../arm-none-eabi/lib/thumb/v7-m\libcr_c.a(_frexpl.o)
 .ARM.attributes
                0x000005c7       0x33 c:/nxp/mcuxpressoide_10.2.1_795/ide/tools/bin/../lib/gcc/arm-none-eabi/7.2.1/../../../../arm-none-eabi/lib/thumb/v7-m\libcr_c.a(_ldexpl.o)
 .ARM.attributes
                0x000005fa       0x33 c:/nxp/mcuxpressoide_10.2.1_795/ide/tools/bin/../lib/gcc/arm-none-eabi/7.2.1/../../../../arm-none-eabi/lib/thumb/v7-m\libcr_c.a(_writebuf.o)
 .ARM.attributes
                0x0000062d       0x33 c:/nxp/mcuxpressoide_10.2.1_795/ide/tools/bin/../lib/gcc/arm-none-eabi/7.2.1/../../../../arm-none-eabi/lib/thumb/v7-m\libcr_c.a(alloc.o)
 .ARM.attributes
                0x00000660       0x33 c:/nxp/mcuxpressoide_10.2.1_795/ide/tools/bin/../lib/gcc/arm-none-eabi/7.2.1/../../../../arm-none-eabi/lib/thumb/v7-m\libcr_c.a(errno.o)
 .ARM.attributes
                0x00000693       0x33 c:/nxp/mcuxpressoide_10.2.1_795/ide/tools/bin/../lib/gcc/arm-none-eabi/7.2.1/../../../../arm-none-eabi/lib/thumb/v7-m\libcr_c.a(fclose.o)
 .ARM.attributes
                0x000006c6       0x33 c:/nxp/mcuxpressoide_10.2.1_795/ide/tools/bin/../lib/gcc/arm-none-eabi/7.2.1/../../../../arm-none-eabi/lib/thumb/v7-m\libcr_c.a(fflush.o)
 .ARM.attributes
                0x000006f9       0x33 c:/nxp/mcuxpressoide_10.2.1_795/ide/tools/bin/../lib/gcc/arm-none-eabi/7.2.1/../../../../arm-none-eabi/lib/thumb/v7-m\libcr_c.a(fseek.o)
 .ARM.attributes
                0x0000072c       0x33 c:/nxp/mcuxpressoide_10.2.1_795/ide/tools/bin/../lib/gcc/arm-none-eabi/7.2.1/../../../../arm-none-eabi/lib/thumb/v7-m\libcr_c.a(ftell.o)
 .ARM.attributes
                0x0000075f       0x33 c:/nxp/mcuxpressoide_10.2.1_795/ide/tools/bin/../lib/gcc/arm-none-eabi/7.2.1/../../../../arm-none-eabi/lib/thumb/v7-m\libcr_c.a(remove.o)
 .ARM.attributes
                0x00000792       0x33 c:/nxp/mcuxpressoide_10.2.1_795/ide/tools/bin/../lib/gcc/arm-none-eabi/7.2.1/../../../../arm-none-eabi/lib/thumb/v7-m\libcr_c.a(__init_alloc.o)
 .ARM.attributes
                0x000007c5       0x33 c:/nxp/mcuxpressoide_10.2.1_795/ide/tools/bin/../lib/gcc/arm-none-eabi/7.2.1/../../../../arm-none-eabi/lib/thumb/v7-m\libcr_c.a(_cr_sbrk.o)
 .ARM.attributes
                0x000007f8       0x33 c:/nxp/mcuxpressoide_10.2.1_795/ide/tools/bin/../lib/gcc/arm-none-eabi/7.2.1/../../../../arm-none-eabi/lib/thumb/v7-m\libcr_c.a(_do_fflush.o)
 .ARM.attributes
                0x0000082b       0x33 c:/nxp/mcuxpressoide_10.2.1_795/ide/tools/bin/../lib/gcc/arm-none-eabi/7.2.1/../../../../arm-none-eabi/lib/thumb/v7-m\libcr_c.a(_hugeval.o)
 .ARM.attributes
                0x0000085e       0x33 c:/nxp/mcuxpressoide_10.2.1_795/ide/tools/bin/../lib/gcc/arm-none-eabi/7.2.1/../../../../arm-none-eabi/lib/thumb/v7-m\libcr_c.a(_cr_check_heap.o)
 .ARM.attributes
                0x00000891       0x33 c:/nxp/mcuxpressoide_10.2.1_795/ide/tools/bin/../lib/gcc/arm-none-eabi/7.2.1/thumb/v7-m\libcr_eabihelpers.a(double.o)
 .ARM.attributes
                0x000008c4       0x33 c:/nxp/mcuxpressoide_10.2.1_795/ide/tools/bin/../lib/gcc/arm-none-eabi/7.2.1/thumb/v7-m\libcr_eabihelpers.a(float.o)
 .ARM.attributes
                0x000008f7       0x21 c:/nxp/mcuxpressoide_10.2.1_795/ide/tools/bin/../lib/gcc/arm-none-eabi/7.2.1/thumb/v7-m\libcr_eabihelpers.a(memcpy.o)
 .ARM.attributes
                0x00000918       0x33 c:/nxp/mcuxpressoide_10.2.1_795/ide/tools/bin/../lib/gcc/arm-none-eabi/7.2.1/../../../../arm-none-eabi/lib/thumb/v7-m\libcr_semihost.a(__ciob.o)
 .ARM.attributes
                0x0000094b       0x21 c:/nxp/mcuxpressoide_10.2.1_795/ide/tools/bin/../lib/gcc/arm-none-eabi/7.2.1/../../../../arm-none-eabi/lib/thumb/v7-m\libcr_semihost.a(__sys_appexit.o)
 .ARM.attributes
                0x0000096c       0x21 c:/nxp/mcuxpressoide_10.2.1_795/ide/tools/bin/../lib/gcc/arm-none-eabi/7.2.1/../../../../arm-none-eabi/lib/thumb/v7-m\libcr_semihost.a(__sys_close.o)
 .ARM.attributes
                0x0000098d       0x21 c:/nxp/mcuxpressoide_10.2.1_795/ide/tools/bin/../lib/gcc/arm-none-eabi/7.2.1/../../../../arm-none-eabi/lib/thumb/v7-m\libcr_semihost.a(__sys_flen.o)
 .ARM.attributes
                0x000009ae       0x21 c:/nxp/mcuxpressoide_10.2.1_795/ide/tools/bin/../lib/gcc/arm-none-eabi/7.2.1/../../../../arm-none-eabi/lib/thumb/v7-m\libcr_semihost.a(__sys_istty.o)
 .ARM.attributes
                0x000009cf       0x21 c:/nxp/mcuxpressoide_10.2.1_795/ide/tools/bin/../lib/gcc/arm-none-eabi/7.2.1/../../../../arm-none-eabi/lib/thumb/v7-m\libcr_semihost.a(__sys_remove.o)
 .ARM.attributes
                0x000009f0       0x21 c:/nxp/mcuxpressoide_10.2.1_795/ide/tools/bin/../lib/gcc/arm-none-eabi/7.2.1/../../../../arm-none-eabi/lib/thumb/v7-m\libcr_semihost.a(__sys_seek.o)
 .ARM.attributes
                0x00000a11       0x21 c:/nxp/mcuxpressoide_10.2.1_795/ide/tools/bin/../lib/gcc/arm-none-eabi/7.2.1/../../../../arm-none-eabi/lib/thumb/v7-m\libcr_semihost.a(__sys_tmpnam.o)

.debug_frame    0x00000000     0x1b54
 .debug_frame   0x00000000      0x170 ./src/cr_startup_lpc13uxx.o
 .debug_frame   0x00000170      0x5f4 ./src/linear_drive_control_system.o
 .debug_frame   0x00000764      0x238 ./src/oled.o
 .debug_frame   0x0000099c       0x2c ./src/sysinit.o
 .debug_frame   0x000009c8      0x2f0 C:\Users\DELL\Desktop\Wbudowane\lpc_board_nxp_lpcxpresso_1347\Debug\liblpc_board_nxp_lpcxpresso_1347.a(board.o)
 .debug_frame   0x00000cb8       0xd8 C:\Users\DELL\Desktop\Wbudowane\lpc_board_nxp_lpcxpresso_1347\Debug\liblpc_board_nxp_lpcxpresso_1347.a(board_sysinit.o)
 .debug_frame   0x00000d90       0x90 C:\Users\DELL\Desktop\Wbudowane\lpc_chip_13xx\Debug\liblpc_chip_13xx.a(chip_13xx.o)
 .debug_frame   0x00000e20      0x274 C:\Users\DELL\Desktop\Wbudowane\lpc_chip_13xx\Debug\liblpc_chip_13xx.a(clock_13xx.o)
 .debug_frame   0x00001094      0x1e0 C:\Users\DELL\Desktop\Wbudowane\lpc_chip_13xx\Debug\liblpc_chip_13xx.a(gpio_13xx_1.o)
 .debug_frame   0x00001274       0x38 C:\Users\DELL\Desktop\Wbudowane\lpc_chip_13xx\Debug\liblpc_chip_13xx.a(iocon_13xx.o)
 .debug_frame   0x000012ac      0x584 C:\Users\DELL\Desktop\Wbudowane\lpc_chip_13xx\Debug\liblpc_chip_13xx.a(ssp_13xx.o)
 .debug_frame   0x00001830       0xb0 C:\Users\DELL\Desktop\Wbudowane\lpc_chip_13xx\Debug\liblpc_chip_13xx.a(sysctl_13xx.o)
 .debug_frame   0x000018e0      0x104 C:\Users\DELL\Desktop\Wbudowane\lpc_chip_13xx\Debug\liblpc_chip_13xx.a(sysinit_13xx.o)
 .debug_frame   0x000019e4      0x120 C:\Users\DELL\Desktop\Wbudowane\lpc_chip_13xx\Debug\liblpc_chip_13xx.a(timer_13xx.o)
 .debug_frame   0x00001b04       0x30 C:\Users\DELL\Desktop\Wbudowane\CMSIS_DSPLIB_CM3\lib\libCMSIS_DSPLIB_CM3.a(arm_pid_init_f32.o)
 .debug_frame   0x00001b34       0x20 C:\Users\DELL\Desktop\Wbudowane\CMSIS_DSPLIB_CM3\lib\libCMSIS_DSPLIB_CM3.a(arm_pid_reset_f32.o)

.debug_loc      0x00000000       0x7c
 .debug_loc     0x00000000       0x5c C:\Users\DELL\Desktop\Wbudowane\CMSIS_DSPLIB_CM3\lib\libCMSIS_DSPLIB_CM3.a(arm_pid_init_f32.o)
 .debug_loc     0x0000005c       0x20 C:\Users\DELL\Desktop\Wbudowane\CMSIS_DSPLIB_CM3\lib\libCMSIS_DSPLIB_CM3.a(arm_pid_reset_f32.o)

.debug_macinfo  0x00000000     0x94aa
 .debug_macinfo
                0x00000000     0x4a55 C:\Users\DELL\Desktop\Wbudowane\CMSIS_DSPLIB_CM3\lib\libCMSIS_DSPLIB_CM3.a(arm_pid_init_f32.o)
 .debug_macinfo
                0x00004a55     0x4a55 C:\Users\DELL\Desktop\Wbudowane\CMSIS_DSPLIB_CM3\lib\libCMSIS_DSPLIB_CM3.a(arm_pid_reset_f32.o)
